Archive member included to satisfy reference by file (symbol)

.\CortexM3\ARM_GCC_541\Debug\part2a.a(Control_Reg_1.o)
                              .\CortexM3\ARM_GCC_541\Debug\main.o (Control_Reg_1_Write)
.\CortexM3\ARM_GCC_541\Debug\part2a.a(CyLib.o)
                              .\CortexM3\ARM_GCC_541\Debug\Cm3Start.o (CyHalt)
.\CortexM3\ARM_GCC_541\Debug\part2a.a(cyPm.o)
                              .\CortexM3\ARM_GCC_541\Debug\part2a.a(CyLib.o) (CyPmReadStatus)
.\CortexM3\ARM_GCC_541\Debug\part2a.a(Counter_1.o)
                              .\CortexM3\ARM_GCC_541\Debug\main.o (Counter_1_Start)
.\CortexM3\ARM_GCC_541\Debug\part2a.a(Control_Reset.o)
                              .\CortexM3\ARM_GCC_541\Debug\main.o (Control_Reset_Write)
.\CortexM3\ARM_GCC_541\Debug\part2a.a(LCD_Char_1.o)
                              .\CortexM3\ARM_GCC_541\Debug\main.o (LCD_Char_1_IsReady)
.\CortexM3\ARM_GCC_541\Debug\part2a.a(Timer_1.o)
                              .\CortexM3\ARM_GCC_541\Debug\main.o (Timer_1_WriteCounter)
.\CortexM3\ARM_GCC_541\Debug\part2a.a(Control_Timer_Reset.o)
                              .\CortexM3\ARM_GCC_541\Debug\main.o (Control_Timer_Reset_Write)
.\CortexM3\ARM_GCC_541\Debug\part2a.a(isr_1.o)
                              .\CortexM3\ARM_GCC_541\Debug\main.o (isr_1_Enable)
.\CortexM3\ARM_GCC_541\Debug\part2a.a(CyBootAsmGnu.o)
                              .\CortexM3\ARM_GCC_541\Debug\cyfitter_cfg.o (CyDelayCycles)
.\CortexM3\ARM_GCC_541\Debug\part2a.a(CyFlash.o)
                              .\CortexM3\ARM_GCC_541\Debug\part2a.a(cyPm.o) (CyFlash_SetWaitCycles)
.\CortexM3\ARM_GCC_541\Debug\part2a.a(CySpc.o)
                              .\CortexM3\ARM_GCC_541\Debug\part2a.a(CyFlash.o) (CySpcStart)
c:/program files (x86)/cypress/psoc creator/4.2/psoc creator/import/gnu/arm/5.4.1/bin/../lib/gcc/arm-none-eabi/5.4.1/../../../../arm-none-eabi/lib/armv7-m\libg_nano.a(lib_a-errno.o)
                              .\CortexM3\ARM_GCC_541\Debug\Cm3Start.o (__errno)
c:/program files (x86)/cypress/psoc creator/4.2/psoc creator/import/gnu/arm/5.4.1/bin/../lib/gcc/arm-none-eabi/5.4.1/../../../../arm-none-eabi/lib/armv7-m\libg_nano.a(lib_a-exit.o)
                              c:/program files (x86)/cypress/psoc creator/4.2/psoc creator/import/gnu/arm/5.4.1/bin/../lib/gcc/arm-none-eabi/5.4.1/../../../../arm-none-eabi/lib/armv7-m/crt0.o (exit)
c:/program files (x86)/cypress/psoc creator/4.2/psoc creator/import/gnu/arm/5.4.1/bin/../lib/gcc/arm-none-eabi/5.4.1/../../../../arm-none-eabi/lib/armv7-m\libg_nano.a(lib_a-impure.o)
                              c:/program files (x86)/cypress/psoc creator/4.2/psoc creator/import/gnu/arm/5.4.1/bin/../lib/gcc/arm-none-eabi/5.4.1/../../../../arm-none-eabi/lib/armv7-m\libg_nano.a(lib_a-exit.o) (_global_impure_ptr)
c:/program files (x86)/cypress/psoc creator/4.2/psoc creator/import/gnu/arm/5.4.1/bin/../lib/gcc/arm-none-eabi/5.4.1/../../../../arm-none-eabi/lib/armv7-m\libg_nano.a(lib_a-init.o)
                              c:/program files (x86)/cypress/psoc creator/4.2/psoc creator/import/gnu/arm/5.4.1/bin/../lib/gcc/arm-none-eabi/5.4.1/../../../../arm-none-eabi/lib/armv7-m/crt0.o (__libc_init_array)
c:/program files (x86)/cypress/psoc creator/4.2/psoc creator/import/gnu/arm/5.4.1/bin/../lib/gcc/arm-none-eabi/5.4.1/../../../../arm-none-eabi/lib/armv7-m\libg_nano.a(lib_a-memcpy-stub.o)
                              .\CortexM3\ARM_GCC_541\Debug\cyfitter_cfg.o (memcpy)
c:/program files (x86)/cypress/psoc creator/4.2/psoc creator/import/gnu/arm/5.4.1/bin/../lib/gcc/arm-none-eabi/5.4.1/../../../../arm-none-eabi/lib/armv7-m\libg_nano.a(lib_a-memset.o)
                              c:/program files (x86)/cypress/psoc creator/4.2/psoc creator/import/gnu/arm/5.4.1/bin/../lib/gcc/arm-none-eabi/5.4.1/../../../../arm-none-eabi/lib/armv7-m/crt0.o (memset)
c:/program files (x86)/cypress/psoc creator/4.2/psoc creator/import/gnu/arm/5.4.1/bin/../lib/gcc/arm-none-eabi/5.4.1/../../../../arm-none-eabi/lib/armv7-m\libg_nano.a(lib_a-sprintf.o)
                              .\CortexM3\ARM_GCC_541\Debug\main.o (sprintf)
c:/program files (x86)/cypress/psoc creator/4.2/psoc creator/import/gnu/arm/5.4.1/bin/../lib/gcc/arm-none-eabi/5.4.1/../../../../arm-none-eabi/lib/armv7-m\libg_nano.a(lib_a-nano-svfprintf.o)
                              c:/program files (x86)/cypress/psoc creator/4.2/psoc creator/import/gnu/arm/5.4.1/bin/../lib/gcc/arm-none-eabi/5.4.1/../../../../arm-none-eabi/lib/armv7-m\libg_nano.a(lib_a-sprintf.o) (_svfprintf_r)
c:/program files (x86)/cypress/psoc creator/4.2/psoc creator/import/gnu/arm/5.4.1/bin/../lib/gcc/arm-none-eabi/5.4.1/../../../../arm-none-eabi/lib/armv7-m\libg_nano.a(lib_a-nano-vfprintf_i.o)
                              c:/program files (x86)/cypress/psoc creator/4.2/psoc creator/import/gnu/arm/5.4.1/bin/../lib/gcc/arm-none-eabi/5.4.1/../../../../arm-none-eabi/lib/armv7-m\libg_nano.a(lib_a-nano-svfprintf.o) (_printf_i)
[...]
Memory Configuration

Name             Origin             Length             Attributes
rom              0x00000000         0x00040000         xr
ram              0x1fff8000         0x00010000         xrw
*default*        0x00000000         0xffffffff

Linker script and memory map

LOAD c:/program files (x86)/cypress/psoc creator/4.2/psoc creator/import/gnu/arm/5.4.1/bin/../lib/gcc/arm-none-eabi/5.4.1/armv7-m/crti.o
LOAD c:/program files (x86)/cypress/psoc creator/4.2/psoc creator/import/gnu/arm/5.4.1/bin/../lib/gcc/arm-none-eabi/5.4.1/armv7-m/crtbegin.o
LOAD c:/program files (x86)/cypress/psoc creator/4.2/psoc creator/import/gnu/arm/5.4.1/bin/../lib/gcc/arm-none-eabi/5.4.1/../../../../arm-none-eabi/lib/armv7-m/crt0.o
START GROUP
LOAD .\CortexM3\ARM_GCC_541\Debug\main.o
LOAD .\CortexM3\ARM_GCC_541\Debug\cyfitter_cfg.o
LOAD .\CortexM3\ARM_GCC_541\Debug\cymetadata.o
LOAD .\CortexM3\ARM_GCC_541\Debug\Cm3Start.o
LOAD .\CortexM3\ARM_GCC_541\Debug\part2a.a
LOAD C:\Program Files (x86)\Cypress\PSoC Creator\4.2\PSoC Creator\psoc\content\cycomponentlibrary\CyComponentLibrary.cylib\CortexM3\ARM_GCC_541\Debug\CyComponentLibrary.a
END GROUP
START GROUP
LOAD c:/program files (x86)/cypress/psoc creator/4.2/psoc creator/import/gnu/arm/5.4.1/bin/../lib/gcc/arm-none-eabi/5.4.1/armv7-m\libgcc.a
LOAD c:/program files (x86)/cypress/psoc creator/4.2/psoc creator/import/gnu/arm/5.4.1/bin/../lib/gcc/arm-none-eabi/5.4.1/../../../../arm-none-eabi/lib/armv7-m\libg_nano.a
LOAD c:/program files (x86)/cypress/psoc creator/4.2/psoc creator/import/gnu/arm/5.4.1/bin/../lib/gcc/arm-none-eabi/5.4.1/../../../../arm-none-eabi/lib/armv7-m\libc_nano.a
END GROUP
START GROUP
LOAD c:/program files (x86)/cypress/psoc creator/4.2/psoc creator/import/gnu/arm/5.4.1/bin/../lib/gcc/arm-none-eabi/5.4.1/armv7-m\libgcc.a
LOAD c:/program files (x86)/cypress/psoc creator/4.2/psoc creator/import/gnu/arm/5.4.1/bin/../lib/gcc/arm-none-eabi/5.4.1/../../../../arm-none-eabi/lib/armv7-m\libc_nano.a
END GROUP
LOAD c:/program files (x86)/cypress/psoc creator/4.2/psoc creator/import/gnu/arm/5.4.1/bin/../lib/gcc/arm-none-eabi/5.4.1/armv7-m/crtend.o
LOAD c:/program files (x86)/cypress/psoc creator/4.2/psoc creator/import/gnu/arm/5.4.1/bin/../lib/gcc/arm-none-eabi/5.4.1/armv7-m/crtn.o
START GROUP
LOAD c:/program files (x86)/cypress/psoc creator/4.2/psoc creator/import/gnu/arm/5.4.1/bin/../lib/gcc/arm-none-eabi/5.4.1/armv7-m\libgcc.a
LOAD c:/program files (x86)/cypress/psoc creator/4.2/psoc creator/import/gnu/arm/5.4.1/bin/../lib/gcc/arm-none-eabi/5.4.1/../../../../arm-none-eabi/lib/armv7-m\libc.a
LOAD c:/program files (x86)/cypress/psoc creator/4.2/psoc creator/import/gnu/arm/5.4.1/bin/../lib/gcc/arm-none-eabi/5.4.1/../../../../arm-none-eabi/lib/armv7-m\libnosys.a
END GROUP
                0x00000000                CY_APPL_ORIGIN = 0x0
                0x00000100                CY_FLASH_ROW_SIZE = 0x100
                0x00000020                CY_ECC_ROW_SIZE = 0x20
                0x00000000                CY_EE_IN_BTLDR = 0x0
                0x00000000                CY_APPL_LOADABLE = 0x0
                0x00000800                CY_EE_SIZE = 0x800
                0x00000001                CY_APPL_NUM = 0x1
                0x00000001                CY_APPL_MAX = 0x1
                0x00000040                CY_METADATA_SIZE = 0x40
                0x00000000                CY_APPL_LOADABLE = 0x0
                0x00000000                CY_CHECKSUM_EXCLUDE_SIZE = ALIGN (0x0, CY_FLASH_ROW_SIZE)
                [!provide]                PROVIDE (__cy_heap_start, _end)
                0x00000001                PROVIDE (__cy_region_num, ((__cy_regions_end - __cy_regions) / 0x10))
                0x20008000                PROVIDE (__cy_stack, (ORIGIN (ram) + LENGTH (ram)))
                [!provide]                PROVIDE (__cy_heap_end, (__cy_stack - 0x800))

.cybootloader   0x00000000        0x0
 *(.cybootloader)
                0x00000000                appl1_start = CY_APPL_ORIGIN?CY_APPL_ORIGIN:ALIGN (CY_FLASH_ROW_SIZE)
                0x0001ff00                appl2_start = (appl1_start + ALIGN ((((LENGTH (rom) - appl1_start) - (0x2 * CY_FLASH_ROW_SIZE)) / 0x2), CY_FLASH_ROW_SIZE))
                0x00000000                appl_start = (CY_APPL_NUM == 0x1)?appl1_start:appl2_start
                0x00000000                ecc_offset = ((appl_start / CY_FLASH_ROW_SIZE) * CY_ECC_ROW_SIZE)
                0x00000000                ee_offset = (CY_APPL_LOADABLE && ! (CY_EE_IN_BTLDR))?((CY_EE_SIZE / CY_APPL_MAX) * (CY_APPL_NUM - 0x1)):0x0
                0x00000800                ee_size = (CY_APPL_LOADABLE && ! (CY_EE_IN_BTLDR))?(CY_EE_SIZE / CY_APPL_MAX):CY_EE_SIZE
                [!provide]                PROVIDE (CY_ECC_OFFSET, ecc_offset)

.text           0x00000000     0x1220
 CREATE_OBJECT_SYMBOLS
                0x00000000                PROVIDE (__cy_interrupt_vector, RomVectors)
 *(.romvectors)
 .romvectors    0x00000000       0x10 .\CortexM3\ARM_GCC_541\Debug\Cm3Start.o
                0x00000000                RomVectors
                0x00000001                ASSERT ((. != __cy_interrupt_vector), No interrupt vector)
                0x00000001                ASSERT (CY_APPL_ORIGIN?(SIZEOF (.cybootloader) <= CY_APPL_ORIGIN):0x1, Wrong image location)
                0x00000010                PROVIDE (__cy_reset, Reset)
 *(.text.Reset)
 .text.Reset    0x00000010       0x18 .\CortexM3\ARM_GCC_541\Debug\Cm3Start.o
                0x00000010                Reset
                0x00000001                ASSERT ((. != __cy_reset), No reset code)
 *(.dma_init)
                0x00000001                ASSERT ((((appl_start + .) <= 0x10000) || 0x1), DMA Init must be within the first 64k of flash)
 *(.text .text.* .gnu.linkonce.t.*)
 .text          0x00000028       0x5c c:/program files (x86)/cypress/psoc creator/4.2/psoc creator/import/gnu/arm/5.4.1/bin/../lib/gcc/arm-none-eabi/5.4.1/armv7-m/crtbegin.o
 .text.MyISR    0x00000084       0x14 .\CortexM3\ARM_GCC_541\Debug\main.o
                0x00000084                MyISR
 .text.main     0x00000098       0xa0 .\CortexM3\ARM_GCC_541\Debug\main.o
                0x00000098                main
 .text.CyClockStartupError
                0x00000138        0x4 .\CortexM3\ARM_GCC_541\Debug\cyfitter_cfg.o
 .text.cfg_write_bytes32
                0x0000013c       0x34 .\CortexM3\ARM_GCC_541\Debug\cyfitter_cfg.o
 .text.AnalogSetDefault
                0x00000170       0x28 .\CortexM3\ARM_GCC_541\Debug\cyfitter_cfg.o
 .text.CYMEMZERO
                0x00000198        0xc .\CortexM3\ARM_GCC_541\Debug\cyfitter_cfg.o
 .text.ClockSetup
                0x000001a4       0xd8 .\CortexM3\ARM_GCC_541\Debug\cyfitter_cfg.o
 .text.CYCONFIGCPY
                0x0000027c        0x8 .\CortexM3\ARM_GCC_541\Debug\cyfitter_cfg.o
 .text.cyfitter_cfg
                0x00000284       0xfc .\CortexM3\ARM_GCC_541\Debug\cyfitter_cfg.o
                0x00000284                cyfitter_cfg
 .text.IntDefaultHandler
                0x00000380       0x10 .\CortexM3\ARM_GCC_541\Debug\Cm3Start.o
                0x00000380                IntDefaultHandler
 .text._sbrk    0x00000390       0x30 .\CortexM3\ARM_GCC_541\Debug\Cm3Start.o
                0x00000390                _sbrk
 .text.Start_c  0x000003c0       0x4c .\CortexM3\ARM_GCC_541\Debug\Cm3Start.o
                0x000003c0                Start_c
 .text.initialize_psoc
                0x0000040c       0x68 .\CortexM3\ARM_GCC_541\Debug\Cm3Start.o
                0x0000040c                initialize_psoc
 .text.Control_Reg_1_Write
                0x00000474        0xc .\CortexM3\ARM_GCC_541\Debug\part2a.a(Control_Reg_1.o)
                0x00000474                Control_Reg_1_Write
 .text.CyDelay  0x00000480       0x2c .\CortexM3\ARM_GCC_541\Debug\part2a.a(CyLib.o)
                0x00000480                CyDelay
 .text.CyDelayUs
                0x000004ac       0x14 .\CortexM3\ARM_GCC_541\Debug\part2a.a(CyLib.o)
                0x000004ac                CyDelayUs
 .text.Counter_1_Enable
                0x000004c0       0x10 .\CortexM3\ARM_GCC_541\Debug\part2a.a(Counter_1.o)
                0x000004c0                Counter_1_Enable
 .text.Counter_1_SetInterruptMode
                0x000004d0        0xc .\CortexM3\ARM_GCC_541\Debug\part2a.a(Counter_1.o)
                0x000004d0                Counter_1_SetInterruptMode
 .text.Counter_1_ReadStatusRegister
                0x000004dc        0xc .\CortexM3\ARM_GCC_541\Debug\part2a.a(Counter_1.o)
                0x000004dc                Counter_1_ReadStatusRegister
 .text.Counter_1_WriteCounter
                0x000004e8        0xc .\CortexM3\ARM_GCC_541\Debug\part2a.a(Counter_1.o)
                0x000004e8                Counter_1_WriteCounter
 .text.Counter_1_ReadCapture
                0x000004f4        0xc .\CortexM3\ARM_GCC_541\Debug\part2a.a(Counter_1.o)
                0x000004f4                Counter_1_ReadCapture
 .text.Counter_1_WritePeriod
                0x00000500        0xc .\CortexM3\ARM_GCC_541\Debug\part2a.a(Counter_1.o)
                0x00000500                Counter_1_WritePeriod
 .text.Counter_1_WriteCompare
                0x0000050c        0xc .\CortexM3\ARM_GCC_541\Debug\part2a.a(Counter_1.o)
                0x0000050c                Counter_1_WriteCompare
 .text.Counter_1_ClearFIFO
                0x00000518       0x14 .\CortexM3\ARM_GCC_541\Debug\part2a.a(Counter_1.o)
                0x00000518                Counter_1_ClearFIFO
 .text.Counter_1_Init
                0x0000052c       0x54 .\CortexM3\ARM_GCC_541\Debug\part2a.a(Counter_1.o)
                0x0000052c                Counter_1_Init
 .text.Counter_1_Start
                0x00000580       0x1c .\CortexM3\ARM_GCC_541\Debug\part2a.a(Counter_1.o)
                0x00000580                Counter_1_Start
 .text.Control_Reset_Write
                0x0000059c        0xc .\CortexM3\ARM_GCC_541\Debug\part2a.a(Control_Reset.o)
                0x0000059c                Control_Reset_Write
 .text.LCD_Char_1_WrCntrlNib
                0x000005a8       0x34 .\CortexM3\ARM_GCC_541\Debug\part2a.a(LCD_Char_1.o)
 .text.LCD_Char_1_WrDatNib
                0x000005dc       0x44 .\CortexM3\ARM_GCC_541\Debug\part2a.a(LCD_Char_1.o)
 .text.LCD_Char_1_IsReady
                0x00000620       0xe4 .\CortexM3\ARM_GCC_541\Debug\part2a.a(LCD_Char_1.o)
                0x00000620                LCD_Char_1_IsReady
 .text.LCD_Char_1_WriteData
                0x00000704       0x18 .\CortexM3\ARM_GCC_541\Debug\part2a.a(LCD_Char_1.o)
                0x00000704                LCD_Char_1_WriteData
 .text.LCD_Char_1_PrintString
                0x0000071c       0x1c .\CortexM3\ARM_GCC_541\Debug\part2a.a(LCD_Char_1.o)
                0x0000071c                LCD_Char_1_PrintString
 .text.LCD_Char_1_WriteControl
                0x00000738       0x18 .\CortexM3\ARM_GCC_541\Debug\part2a.a(LCD_Char_1.o)
                0x00000738                LCD_Char_1_WriteControl
 .text.LCD_Char_1_Init
                0x00000750       0x6c .\CortexM3\ARM_GCC_541\Debug\part2a.a(LCD_Char_1.o)
                0x00000750                LCD_Char_1_Init
 .text.LCD_Char_1_Enable
                0x000007bc       0x14 .\CortexM3\ARM_GCC_541\Debug\part2a.a(LCD_Char_1.o)
                0x000007bc                LCD_Char_1_Enable
 .text.LCD_Char_1_Start
                0x000007d0       0x1c .\CortexM3\ARM_GCC_541\Debug\part2a.a(LCD_Char_1.o)
                0x000007d0                LCD_Char_1_Start
 .text.LCD_Char_1_Position
                0x000007ec       0x3c .\CortexM3\ARM_GCC_541\Debug\part2a.a(LCD_Char_1.o)
                0x000007ec                LCD_Char_1_Position
 .text.Timer_1_SetInterruptMode
                0x00000828        0xc .\CortexM3\ARM_GCC_541\Debug\part2a.a(Timer_1.o)
                0x00000828                Timer_1_SetInterruptMode
 .text.Timer_1_ReadStatusRegister
                0x00000834        0xc .\CortexM3\ARM_GCC_541\Debug\part2a.a(Timer_1.o)
                0x00000834                Timer_1_ReadStatusRegister
 .text.Timer_1_WritePeriod
                0x00000840        0xc .\CortexM3\ARM_GCC_541\Debug\part2a.a(Timer_1.o)
                0x00000840                Timer_1_WritePeriod
 .text.Timer_1_ReadCapture
                0x0000084c        0xc .\CortexM3\ARM_GCC_541\Debug\part2a.a(Timer_1.o)
                0x0000084c                Timer_1_ReadCapture
 .text.Timer_1_WriteCounter
                0x00000858        0xc .\CortexM3\ARM_GCC_541\Debug\part2a.a(Timer_1.o)
                0x00000858                Timer_1_WriteCounter
 .text.Timer_1_ReadCounter
                0x00000864       0x14 .\CortexM3\ARM_GCC_541\Debug\part2a.a(Timer_1.o)
                0x00000864                Timer_1_ReadCounter
 .text.Timer_1_ClearFIFO
                0x00000878       0x14 .\CortexM3\ARM_GCC_541\Debug\part2a.a(Timer_1.o)
                0x00000878                Timer_1_ClearFIFO
 .text.Timer_1_Init
                0x0000088c       0x34 .\CortexM3\ARM_GCC_541\Debug\part2a.a(Timer_1.o)
                0x0000088c                Timer_1_Init
 .text.Timer_1_Start
                0x000008c0       0x18 .\CortexM3\ARM_GCC_541\Debug\part2a.a(Timer_1.o)
                0x000008c0                Timer_1_Start
 .text.Control_Timer_Reset_Write
                0x000008d8        0xc .\CortexM3\ARM_GCC_541\Debug\part2a.a(Control_Timer_Reset.o)
                0x000008d8                Control_Timer_Reset_Write
 .text.isr_1_SetVector
                0x000008e4        0xc .\CortexM3\ARM_GCC_541\Debug\part2a.a(isr_1.o)
                0x000008e4                isr_1_SetVector
 .text.isr_1_SetPriority
                0x000008f0       0x10 .\CortexM3\ARM_GCC_541\Debug\part2a.a(isr_1.o)
                0x000008f0                isr_1_SetPriority
 .text.isr_1_Enable
                0x00000900        0xc .\CortexM3\ARM_GCC_541\Debug\part2a.a(isr_1.o)
                0x00000900                isr_1_Enable
 .text.isr_1_Disable
                0x0000090c        0xc .\CortexM3\ARM_GCC_541\Debug\part2a.a(isr_1.o)
                0x0000090c                isr_1_Disable
 .text.isr_1_StartEx
                0x00000918       0x1c .\CortexM3\ARM_GCC_541\Debug\part2a.a(isr_1.o)
                0x00000918                isr_1_StartEx
 *fill*         0x00000934        0x4 
 .text          0x00000938       0x20 .\CortexM3\ARM_GCC_541\Debug\part2a.a(CyBootAsmGnu.o)
                0x00000938                CyDelayCycles
                0x00000948                CyEnterCriticalSection
                0x00000950                CyExitCriticalSection
 .text.__errno  0x00000958        0xc c:/program files (x86)/cypress/psoc creator/4.2/psoc creator/import/gnu/arm/5.4.1/bin/../lib/gcc/arm-none-eabi/5.4.1/../../../../arm-none-eabi/lib/armv7-m\libg_nano.a(lib_a-errno.o)
                0x00000958                __errno
 .text.__libc_init_array
                0x00000964       0x4c c:/program files (x86)/cypress/psoc creator/4.2/psoc creator/import/gnu/arm/5.4.1/bin/../lib/gcc/arm-none-eabi/5.4.1/../../../../arm-none-eabi/lib/armv7-m\libg_nano.a(lib_a-init.o)
                0x00000964                __libc_init_array
 .text.memcpy   0x000009b0       0x16 c:/program files (x86)/cypress/psoc creator/4.2/psoc creator/import/gnu/arm/5.4.1/bin/../lib/gcc/arm-none-eabi/5.4.1/../../../../arm-none-eabi/lib/armv7-m\libg_nano.a(lib_a-memcpy-stub.o)
                0x000009b0                memcpy
 .text.memset   0x000009c6       0x10 c:/program files (x86)/cypress/psoc creator/4.2/psoc creator/import/gnu/arm/5.4.1/bin/../lib/gcc/arm-none-eabi/5.4.1/../../../../arm-none-eabi/lib/armv7-m\libg_nano.a(lib_a-memset.o)
                0x000009c6                memset
 *fill*         0x000009d6        0x2 
 .text.sprintf  0x000009d8       0x48 c:/program files (x86)/cypress/psoc creator/4.2/psoc creator/import/gnu/arm/5.4.1/bin/../lib/gcc/arm-none-eabi/5.4.1/../../../../arm-none-eabi/lib/armv7-m\libg_nano.a(lib_a-sprintf.o)
                0x000009d8                siprintf
                0x000009d8                sprintf
 .text.__ssputs_r
                0x00000a20       0xb2 c:/program files (x86)/cypress/psoc creator/4.2/psoc creator/import/gnu/arm/5.4.1/bin/../lib/gcc/arm-none-eabi/5.4.1/../../../../arm-none-eabi/lib/armv7-m\libg_nano.a(lib_a-nano-svfprintf.o)
                0x00000a20                __ssputs_r
 *fill*         0x00000ad2        0x2 
 .text._svfprintf_r
                0x00000ad4      0x1e8 c:/program files (x86)/cypress/psoc creator/4.2/psoc creator/import/gnu/arm/5.4.1/bin/../lib/gcc/arm-none-eabi/5.4.1/../../../../arm-none-eabi/lib/armv7-m\libg_nano.a(lib_a-nano-svfprintf.o)
                0x00000ad4                _svfiprintf_r
                0x00000ad4                _svfprintf_r
 .text._printf_common
                0x00000cbc       0xec c:/program files (x86)/cypress/psoc creator/4.2/psoc creator/import/gnu/arm/5.4.1/bin/../lib/gcc/arm-none-eabi/5.4.1/../../../../arm-none-eabi/lib/armv7-m\libg_nano.a(lib_a-nano-vfprintf_i.o)
                0x00000cbc                _printf_common
 .text._printf_i
                0x00000da8      0x24c c:/program files (x86)/cypress/psoc creator/4.2/psoc creator/import/gnu/arm/5.4.1/bin/../lib/gcc/arm-none-eabi/5.4.1/../../../../arm-none-eabi/lib/armv7-m\libg_nano.a(lib_a-nano-vfprintf_i.o)
                0x00000da8                _printf_i
 .text.memchr   0x00000ff4       0x1c c:/program files (x86)/cypress/psoc creator/4.2/psoc creator/import/gnu/arm/5.4.1/bin/../lib/gcc/arm-none-eabi/5.4.1/../../../../arm-none-eabi/lib/armv7-m\libg_nano.a(lib_a-memchr-stub.o)
                0x00000ff4                memchr
 .text.memmove  0x00001010       0x36 c:/program files (x86)/cypress/psoc creator/4.2/psoc creator/import/gnu/arm/5.4.1/bin/../lib/gcc/arm-none-eabi/5.4.1/../../../../arm-none-eabi/lib/armv7-m\libg_nano.a(lib_a-memmove.o)
                0x00001010                memmove
 *fill*         0x00001046        0x2 
 .text._free_r  0x00001048       0x98 c:/program files (x86)/cypress/psoc creator/4.2/psoc creator/import/gnu/arm/5.4.1/bin/../lib/gcc/arm-none-eabi/5.4.1/../../../../arm-none-eabi/lib/armv7-m\libg_nano.a(lib_a-nano-freer.o)
                0x00001048                _free_r
 .text._malloc_r
                0x000010e0       0xbc c:/program files (x86)/cypress/psoc creator/4.2/psoc creator/import/gnu/arm/5.4.1/bin/../lib/gcc/arm-none-eabi/5.4.1/../../../../arm-none-eabi/lib/armv7-m\libg_nano.a(lib_a-nano-mallocr.o)
                0x000010e0                _malloc_r
 .text._realloc_r
                0x0000119c       0x4c c:/program files (x86)/cypress/psoc creator/4.2/psoc creator/import/gnu/arm/5.4.1/bin/../lib/gcc/arm-none-eabi/5.4.1/../../../../arm-none-eabi/lib/armv7-m\libg_nano.a(lib_a-nano-reallocr.o)
                0x0000119c                _realloc_r
 .text._sbrk_r  0x000011e8       0x20 c:/program files (x86)/cypress/psoc creator/4.2/psoc creator/import/gnu/arm/5.4.1/bin/../lib/gcc/arm-none-eabi/5.4.1/../../../../arm-none-eabi/lib/armv7-m\libg_nano.a(lib_a-sbrkr.o)
                0x000011e8                _sbrk_r
 .text.__malloc_lock
                0x00001208        0x2 c:/program files (x86)/cypress/psoc creator/4.2/psoc creator/import/gnu/arm/5.4.1/bin/../lib/gcc/arm-none-eabi/5.4.1/../../../../arm-none-eabi/lib/armv7-m\libg_nano.a(lib_a-mlock.o)
                0x00001208                __malloc_lock
 .text.__malloc_unlock
                0x0000120a        0x2 c:/program files (x86)/cypress/psoc creator/4.2/psoc creator/import/gnu/arm/5.4.1/bin/../lib/gcc/arm-none-eabi/5.4.1/../../../../arm-none-eabi/lib/armv7-m\libg_nano.a(lib_a-mlock.o)
                0x0000120a                __malloc_unlock
 .text._malloc_usable_size_r
                0x0000120c       0x14 c:/program files (x86)/cypress/psoc creator/4.2/psoc creator/import/gnu/arm/5.4.1/bin/../lib/gcc/arm-none-eabi/5.4.1/../../../../arm-none-eabi/lib/armv7-m\libg_nano.a(lib_a-nano-msizer.o)
                0x0000120c                _malloc_usable_size_r
 *(.plt)
 *(.gnu.warning)
 *(.glue_7t)
 .glue_7t       0x00001220        0x0 linker stubs
 *(.glue_7)
 .glue_7        0x00001220        0x0 linker stubs
 *(.vfp11_veneer)
 .vfp11_veneer  0x00001220        0x0 linker stubs
 *(.bootloader)
 *(.ARM.extab* .gnu.linkonce.armextab.*)
 *(.gcc_except_table)

.v4_bx          0x00001220        0x0
 .v4_bx         0x00001220        0x0 linker stubs

.iplt           0x00001220        0x0
 .iplt          0x00001220        0x0 c:/program files (x86)/cypress/psoc creator/4.2/psoc creator/import/gnu/arm/5.4.1/bin/../lib/gcc/arm-none-eabi/5.4.1/armv7-m/crtbegin.o

.eh_frame_hdr
 *(.eh_frame_hdr)

.eh_frame       0x00001220        0x4
 *(.eh_frame)
 .eh_frame      0x00001220        0x0 c:/program files (x86)/cypress/psoc creator/4.2/psoc creator/import/gnu/arm/5.4.1/bin/../lib/gcc/arm-none-eabi/5.4.1/armv7-m/crtbegin.o
 .eh_frame      0x00001220        0x4 c:/program files (x86)/cypress/psoc creator/4.2/psoc creator/import/gnu/arm/5.4.1/bin/../lib/gcc/arm-none-eabi/5.4.1/armv7-m/crtend.o
                [!provide]                PROVIDE (__exidx_start, .)

.ARM.exidx
 *(.ARM.exidx* .gnu.linkonce.armexidx.*)
                0x00001224                __exidx_end = .

.rodata         0x00001224       0xac
 *(.rodata .rodata.* .gnu.linkonce.r.*)
 .rodata.str1.4
                0x00001224       0x10 .\CortexM3\ARM_GCC_541\Debug\main.o
                                  0xf (size before relaxing)
 .rodata        0x00001234       0x30 .\CortexM3\ARM_GCC_541\Debug\cyfitter_cfg.o
 .rodata.str1.1
                0x00001264        0x2 c:/program files (x86)/cypress/psoc creator/4.2/psoc creator/import/gnu/arm/5.4.1/bin/../lib/gcc/arm-none-eabi/5.4.1/../../../../arm-none-eabi/lib/armv7-m\libg_nano.a(lib_a-impure.o)
 .rodata.str1.1
                0x00001266       0x11 c:/program files (x86)/cypress/psoc creator/4.2/psoc creator/import/gnu/arm/5.4.1/bin/../lib/gcc/arm-none-eabi/5.4.1/../../../../arm-none-eabi/lib/armv7-m\libg_nano.a(lib_a-nano-svfprintf.o)
 .rodata.str1.1
                0x00001277       0x22 c:/program files (x86)/cypress/psoc creator/4.2/psoc creator/import/gnu/arm/5.4.1/bin/../lib/gcc/arm-none-eabi/5.4.1/../../../../arm-none-eabi/lib/armv7-m\libg_nano.a(lib_a-nano-vfprintf_i.o)
                0x0000129c                . = ALIGN (0x4)
 *fill*         0x00001299        0x3 
 *(.init)
 .init          0x0000129c        0x4 c:/program files (x86)/cypress/psoc creator/4.2/psoc creator/import/gnu/arm/5.4.1/bin/../lib/gcc/arm-none-eabi/5.4.1/armv7-m/crti.o
                0x0000129c                _init
 .init          0x000012a0        0x8 c:/program files (x86)/cypress/psoc creator/4.2/psoc creator/import/gnu/arm/5.4.1/bin/../lib/gcc/arm-none-eabi/5.4.1/armv7-m/crtn.o
                0x000012a8                . = ALIGN (0x4)
                0x000012a8                __preinit_array_start = .
 *(.preinit_array)
                0x000012a8                __preinit_array_end = .
                0x000012a8                . = ALIGN (0x4)
                0x000012a8                __init_array_start = .
 *(SORT(.init_array.*))
 *(.init_array)
 .init_array    0x000012a8        0x4 c:/program files (x86)/cypress/psoc creator/4.2/psoc creator/import/gnu/arm/5.4.1/bin/../lib/gcc/arm-none-eabi/5.4.1/armv7-m/crtbegin.o
 .init_array    0x000012ac        0x4 .\CortexM3\ARM_GCC_541\Debug\Cm3Start.o
                0x000012b0                __init_array_end = .
                0x000012b0                . = ALIGN (0x4)
 *(.fini)
 .fini          0x000012b0        0x4 c:/program files (x86)/cypress/psoc creator/4.2/psoc creator/import/gnu/arm/5.4.1/bin/../lib/gcc/arm-none-eabi/5.4.1/armv7-m/crti.o
                0x000012b0                _fini
 .fini          0x000012b4        0x8 c:/program files (x86)/cypress/psoc creator/4.2/psoc creator/import/gnu/arm/5.4.1/bin/../lib/gcc/arm-none-eabi/5.4.1/armv7-m/crtn.o
                0x000012bc                . = ALIGN (0x4)
                0x000012bc                __fini_array_start = .
 *(.fini_array)
 .fini_array    0x000012bc        0x4 c:/program files (x86)/cypress/psoc creator/4.2/psoc creator/import/gnu/arm/5.4.1/bin/../lib/gcc/arm-none-eabi/5.4.1/armv7-m/crtbegin.o
 *(SORT(.fini_array.*))
                0x000012c0                __fini_array_end = .
                0x000012c0                . = ALIGN (0x4)
 *crtbegin.o(.ctors)
 *(EXCLUDE_FILE(*crtend.o) .ctors)
 *(SORT(.ctors.*))
 *crtend.o(.ctors)
                0x000012c0                . = ALIGN (0x4)
 *crtbegin.o(.dtors)
 *(EXCLUDE_FILE(*crtend.o) .dtors)
 *(SORT(.dtors.*))
 *crtend.o(.dtors)
                0x000012c0                . = ALIGN (0x4)
                0x000012c0                __cy_regions = .
                0x000012c0        0x4 LONG 0x12d0 __cy_region_init_ram
                0x000012c4        0x4 LONG 0x1fff80c8 __cy_region_start_data
                0x000012c8        0x4 LONG 0x80 __cy_region_init_size_ram
                0x000012cc        0x4 LONG 0x30 __cy_region_zero_size_ram
                0x000012d0                __cy_regions_end = .
                0x000012d0                . = ALIGN (0x8)
                0x000012d0                _etext = .

.cy_checksum_exclude
                0x000012d0        0x0
 *(.cy_checksum_exclude)

.ramvectors     0x1fff8000       0xc0
                0x1fff8000                __cy_region_start_ram = .
 *(.ramvectors)
 .ramvectors    0x1fff8000       0xc0 .\CortexM3\ARM_GCC_541\Debug\Cm3Start.o
                0x1fff8000                CyRamVectors

.noinit         0x1fff80c0        0x1
 *(.noinit)
 .noinit        0x1fff80c0        0x1 .\CortexM3\ARM_GCC_541\Debug\part2a.a(CyLib.o)
                0x1fff80c0                CyResetStatus

.data           0x1fff80c8       0x80 load address 0x000012d0
                0x1fff80c8                __cy_region_start_data = .
 *(.jcr)
 .jcr           0x1fff80c8        0x0 c:/program files (x86)/cypress/psoc creator/4.2/psoc creator/import/gnu/arm/5.4.1/bin/../lib/gcc/arm-none-eabi/5.4.1/armv7-m/crtbegin.o
 .jcr           0x1fff80c8        0x4 c:/program files (x86)/cypress/psoc creator/4.2/psoc creator/import/gnu/arm/5.4.1/bin/../lib/gcc/arm-none-eabi/5.4.1/armv7-m/crtend.o
 *(.got.plt)
 *(.got)
 *(.shdata)
 *(.data .data.* .gnu.linkonce.d.*)
 .data          0x1fff80cc        0x4 .\CortexM3\ARM_GCC_541\Debug\Cm3Start.o
 .data          0x1fff80d0       0x10 .\CortexM3\ARM_GCC_541\Debug\part2a.a(CyLib.o)
                0x1fff80d0                cydelay_32k_ms
                0x1fff80d4                cydelay_freq_khz
                0x1fff80d8                cydelay_freq_mhz
                0x1fff80dc                cydelay_freq_hz
 .data.impure_data
                0x1fff80e0       0x60 c:/program files (x86)/cypress/psoc creator/4.2/psoc creator/import/gnu/arm/5.4.1/bin/../lib/gcc/arm-none-eabi/5.4.1/../../../../arm-none-eabi/lib/armv7-m\libg_nano.a(lib_a-impure.o)
 .data._impure_ptr
                0x1fff8140        0x4 c:/program files (x86)/cypress/psoc creator/4.2/psoc creator/import/gnu/arm/5.4.1/bin/../lib/gcc/arm-none-eabi/5.4.1/../../../../arm-none-eabi/lib/armv7-m\libg_nano.a(lib_a-impure.o)
                0x1fff8140                _impure_ptr
                0x1fff8148                . = ALIGN (0x8)
 *fill*         0x1fff8144        0x4 
 *(.ram)
                0x1fff8148                _edata = .

.igot.plt       0x1fff8148        0x0 load address 0x00001350
 .igot.plt      0x1fff8148        0x0 c:/program files (x86)/cypress/psoc creator/4.2/psoc creator/import/gnu/arm/5.4.1/bin/../lib/gcc/arm-none-eabi/5.4.1/armv7-m/crtbegin.o

.bss            0x1fff8148       0x30 load address 0x00001350
                0x1fff8148                PROVIDE (__bss_start__, .)
 *(.shbss)
 *(.bss .bss.* .gnu.linkonce.b.*)
 .bss           0x1fff8148       0x1c c:/program files (x86)/cypress/psoc creator/4.2/psoc creator/import/gnu/arm/5.4.1/bin/../lib/gcc/arm-none-eabi/5.4.1/armv7-m/crtbegin.o
 .bss           0x1fff8164        0x4 .\CortexM3\ARM_GCC_541\Debug\main.o
                0x1fff8164                timerGlobal
                0x1fff8166                intFlag
 .bss           0x1fff8168        0x1 .\CortexM3\ARM_GCC_541\Debug\part2a.a(Counter_1.o)
                0x1fff8168                Counter_1_initVar
 .bss           0x1fff8169        0x2 .\CortexM3\ARM_GCC_541\Debug\part2a.a(LCD_Char_1.o)
                0x1fff8169                LCD_Char_1_enableState
                0x1fff816a                LCD_Char_1_initVar
 .bss           0x1fff816b        0x1 .\CortexM3\ARM_GCC_541\Debug\part2a.a(Timer_1.o)
                0x1fff816b                Timer_1_initVar
 .bss.__malloc_sbrk_start
                0x1fff816c        0x4 c:/program files (x86)/cypress/psoc creator/4.2/psoc creator/import/gnu/arm/5.4.1/bin/../lib/gcc/arm-none-eabi/5.4.1/../../../../arm-none-eabi/lib/armv7-m\libg_nano.a(lib_a-nano-mallocr.o)
                0x1fff816c                __malloc_sbrk_start
 .bss.__malloc_free_list
                0x1fff8170        0x4 c:/program files (x86)/cypress/psoc creator/4.2/psoc creator/import/gnu/arm/5.4.1/bin/../lib/gcc/arm-none-eabi/5.4.1/../../../../arm-none-eabi/lib/armv7-m\libg_nano.a(lib_a-nano-mallocr.o)
                0x1fff8170                __malloc_free_list
 *(COMMON)
 COMMON         0x1fff8174        0x4 c:/program files (x86)/cypress/psoc creator/4.2/psoc creator/import/gnu/arm/5.4.1/bin/../lib/gcc/arm-none-eabi/5.4.1/../../../../arm-none-eabi/lib/armv7-m\libg_nano.a(lib_a-reent.o)
                0x1fff8174                errno
                0x1fff8178                . = ALIGN (0x8)
 *(.ram.b)
                0x1fff8178                _end = .
                0x1fff8178                __end = .
                0x1fff8178                PROVIDE (end, .)
                0x1fff8178                PROVIDE (__bss_end__, .)
                0x000012d0                __cy_region_init_ram = LOADADDR (.data)
                0x00000080                __cy_region_init_size_ram = (_edata - ADDR (.data))
                0x00000030                __cy_region_zero_size_ram = (_end - _edata)

.heap           0x1fff8178       0x80 load address 0x00001350
                0x1fff8178                . = _end
                0x1fff81f8                . = (. + 0x80)
 *fill*         0x1fff8178       0x80 
                0x1fff81f8                __cy_heap_limit = .

.stack          0x20007800      0x800
                0x20007800                __cy_stack_limit = .
                0x20008000                . = (. + 0x800)
 *fill*         0x20007800      0x800 
                0x00000001                ASSERT ((__cy_stack_limit >= __cy_heap_limit), region RAM overflowed with stack)
                0x00000000                cy_checksum_exclude_size = (CY_APPL_LOADABLE == 0x1)?SIZEOF (.cy_checksum_exclude):0x0
                0x00000001                ASSERT ((cy_checksum_exclude_size <= CY_CHECKSUM_EXCLUDE_SIZE), CY_BOOT: Section .cy_checksum_exclude size exceedes specified limit.)

.cyloadermeta
 *(.cyloadermeta)

.cyloadablemeta
 *(.cyloadablemeta)

.cyconfigecc    0x80000000      0x280
 *(.cyconfigecc)
 .cyconfigecc   0x80000000      0x280 .\CortexM3\ARM_GCC_541\Debug\cymetadata.o
                0x80000000                cy_meta_configecc

.cycustnvl      0x90000000        0x4
 *(.cycustnvl)
 .cycustnvl     0x90000000        0x4 .\CortexM3\ARM_GCC_541\Debug\cymetadata.o
                0x90000000                cy_meta_custnvl

.cywolatch      0x90100000        0x4
 *(.cywolatch)
 .cywolatch     0x90100000        0x4 .\CortexM3\ARM_GCC_541\Debug\cymetadata.o
                0x90100000                cy_meta_wonvl

.cyeeprom       0x90200000        0x0
 *(.cyeeprom)
                0x00000001                ASSERT ((. <= ((0x90200000 + ee_offset) + ee_size)), .cyeeprom data will not fit in EEPROM)

.cyflashprotect
                0x90400000      0x100
 *(.cyflashprotect)
 .cyflashprotect
                0x90400000      0x100 .\CortexM3\ARM_GCC_541\Debug\cymetadata.o
                0x90400000                cy_meta_flashprotect

.cymeta         0x90500000        0xc
 *(.cymeta)
 .cymeta        0x90500000        0xc .\CortexM3\ARM_GCC_541\Debug\cymetadata.o
                0x90500000                cy_metadata

.rel.dyn        0x00001350        0x0 load address 0x9050000c
 .rel.iplt      0x00001350        0x0 c:/program files (x86)/cypress/psoc creator/4.2/psoc creator/import/gnu/arm/5.4.1/bin/../lib/gcc/arm-none-eabi/5.4.1/armv7-m/crtbegin.o

.stab
 *(.stab)

.stabstr
 *(.stabstr)

.debug
 *(.debug)

.line
 *(.line)

.debug_srcinfo
 *(.debug_srcinfo)

.debug_sfnames
 *(.debug_sfnames)

.debug_aranges  0x00000000      0x7e8
 *(.debug_aranges)
 .debug_aranges
                0x00000000       0x28 .\CortexM3\ARM_GCC_541\Debug\main.o
 .debug_aranges
                0x00000028       0x58 .\CortexM3\ARM_GCC_541\Debug\cyfitter_cfg.o
 .debug_aranges
                0x00000080       0x18 .\CortexM3\ARM_GCC_541\Debug\cymetadata.o
 .debug_aranges
                0x00000098       0x48 .\CortexM3\ARM_GCC_541\Debug\Cm3Start.o
 .debug_aranges
                0x000000e0       0x28 .\CortexM3\ARM_GCC_541\Debug\part2a.a(Control_Reg_1.o)
 .debug_aranges
                0x00000108      0x2a0 .\CortexM3\ARM_GCC_541\Debug\part2a.a(CyLib.o)
 .debug_aranges
                0x000003a8       0x98 .\CortexM3\ARM_GCC_541\Debug\part2a.a(cyPm.o)
 .debug_aranges
                0x00000440       0x98 .\CortexM3\ARM_GCC_541\Debug\part2a.a(Counter_1.o)
 .debug_aranges
                0x000004d8       0x28 .\CortexM3\ARM_GCC_541\Debug\part2a.a(Control_Reset.o)
 .debug_aranges
                0x00000500       0x98 .\CortexM3\ARM_GCC_541\Debug\part2a.a(LCD_Char_1.o)
 .debug_aranges
                0x00000598       0x80 .\CortexM3\ARM_GCC_541\Debug\part2a.a(Timer_1.o)
 .debug_aranges
                0x00000618       0x28 .\CortexM3\ARM_GCC_541\Debug\part2a.a(Control_Timer_Reset.o)
 .debug_aranges
                0x00000640       0x80 .\CortexM3\ARM_GCC_541\Debug\part2a.a(isr_1.o)
 .debug_aranges
                0x000006c0       0x20 .\CortexM3\ARM_GCC_541\Debug\part2a.a(CyBootAsmGnu.o)
 .debug_aranges
                0x000006e0       0x88 .\CortexM3\ARM_GCC_541\Debug\part2a.a(CyFlash.o)
 .debug_aranges
                0x00000768       0x80 .\CortexM3\ARM_GCC_541\Debug\part2a.a(CySpc.o)

.debug_pubnames
 *(.debug_pubnames)

.debug_info     0x00000000     0x4952
 *(.debug_info .gnu.linkonce.wi.*)
 .debug_info    0x00000000      0x373 .\CortexM3\ARM_GCC_541\Debug\main.o
 .debug_info    0x00000373      0x4da .\CortexM3\ARM_GCC_541\Debug\cyfitter_cfg.o
 .debug_info    0x0000084d      0x135 .\CortexM3\ARM_GCC_541\Debug\cymetadata.o
 .debug_info    0x00000982      0x3bb .\CortexM3\ARM_GCC_541\Debug\Cm3Start.o
 .debug_info    0x00000d3d       0xd6 .\CortexM3\ARM_GCC_541\Debug\part2a.a(Control_Reg_1.o)
 .debug_info    0x00000e13     0x1374 .\CortexM3\ARM_GCC_541\Debug\part2a.a(CyLib.o)
 .debug_info    0x00002187      0xa2a .\CortexM3\ARM_GCC_541\Debug\part2a.a(cyPm.o)
 .debug_info    0x00002bb1      0x325 .\CortexM3\ARM_GCC_541\Debug\part2a.a(Counter_1.o)
 .debug_info    0x00002ed6       0xd6 .\CortexM3\ARM_GCC_541\Debug\part2a.a(Control_Reset.o)
 .debug_info    0x00002fac      0x715 .\CortexM3\ARM_GCC_541\Debug\part2a.a(LCD_Char_1.o)
 .debug_info    0x000036c1      0x2aa .\CortexM3\ARM_GCC_541\Debug\part2a.a(Timer_1.o)
 .debug_info    0x0000396b       0xd6 .\CortexM3\ARM_GCC_541\Debug\part2a.a(Control_Timer_Reset.o)
 .debug_info    0x00003a41      0x2d2 .\CortexM3\ARM_GCC_541\Debug\part2a.a(isr_1.o)
 .debug_info    0x00003d13       0xa2 .\CortexM3\ARM_GCC_541\Debug\part2a.a(CyBootAsmGnu.o)
 .debug_info    0x00003db5      0x64d .\CortexM3\ARM_GCC_541\Debug\part2a.a(CyFlash.o)
 .debug_info    0x00004402      0x550 .\CortexM3\ARM_GCC_541\Debug\part2a.a(CySpc.o)

.debug_abbrev   0x00000000     0x1332
 *(.debug_abbrev)
 .debug_abbrev  0x00000000      0x109 .\CortexM3\ARM_GCC_541\Debug\main.o
 .debug_abbrev  0x00000109      0x1fe .\CortexM3\ARM_GCC_541\Debug\cyfitter_cfg.o
 .debug_abbrev  0x00000307       0x66 .\CortexM3\ARM_GCC_541\Debug\cymetadata.o
 .debug_abbrev  0x0000036d      0x1e8 .\CortexM3\ARM_GCC_541\Debug\Cm3Start.o
 .debug_abbrev  0x00000555       0x81 .\CortexM3\ARM_GCC_541\Debug\part2a.a(Control_Reg_1.o)
 .debug_abbrev  0x000005d6      0x254 .\CortexM3\ARM_GCC_541\Debug\part2a.a(CyLib.o)
 .debug_abbrev  0x0000082a      0x1ab .\CortexM3\ARM_GCC_541\Debug\part2a.a(cyPm.o)
 .debug_abbrev  0x000009d5      0x117 .\CortexM3\ARM_GCC_541\Debug\part2a.a(Counter_1.o)
 .debug_abbrev  0x00000aec       0x81 .\CortexM3\ARM_GCC_541\Debug\part2a.a(Control_Reset.o)
 .debug_abbrev  0x00000b6d      0x157 .\CortexM3\ARM_GCC_541\Debug\part2a.a(LCD_Char_1.o)
 .debug_abbrev  0x00000cc4      0x12b .\CortexM3\ARM_GCC_541\Debug\part2a.a(Timer_1.o)
 .debug_abbrev  0x00000def       0x81 .\CortexM3\ARM_GCC_541\Debug\part2a.a(Control_Timer_Reset.o)
 .debug_abbrev  0x00000e70      0x173 .\CortexM3\ARM_GCC_541\Debug\part2a.a(isr_1.o)
 .debug_abbrev  0x00000fe3       0x14 .\CortexM3\ARM_GCC_541\Debug\part2a.a(CyBootAsmGnu.o)
 .debug_abbrev  0x00000ff7      0x1a7 .\CortexM3\ARM_GCC_541\Debug\part2a.a(CyFlash.o)
 .debug_abbrev  0x0000119e      0x194 .\CortexM3\ARM_GCC_541\Debug\part2a.a(CySpc.o)

.debug_line     0x00000000     0x1f77
 *(.debug_line)
 .debug_line    0x00000000      0x27c .\CortexM3\ARM_GCC_541\Debug\main.o
 .debug_line    0x0000027c      0x1dc .\CortexM3\ARM_GCC_541\Debug\cyfitter_cfg.o
 .debug_line    0x00000458      0x141 .\CortexM3\ARM_GCC_541\Debug\cymetadata.o
 .debug_line    0x00000599      0x234 .\CortexM3\ARM_GCC_541\Debug\Cm3Start.o
 .debug_line    0x000007cd       0x75 .\CortexM3\ARM_GCC_541\Debug\part2a.a(Control_Reg_1.o)
 .debug_line    0x00000842      0x816 .\CortexM3\ARM_GCC_541\Debug\part2a.a(CyLib.o)
 .debug_line    0x00001058      0x367 .\CortexM3\ARM_GCC_541\Debug\part2a.a(cyPm.o)
 .debug_line    0x000013bf      0x189 .\CortexM3\ARM_GCC_541\Debug\part2a.a(Counter_1.o)
 .debug_line    0x00001548       0x75 .\CortexM3\ARM_GCC_541\Debug\part2a.a(Control_Reset.o)
 .debug_line    0x000015bd      0x1e3 .\CortexM3\ARM_GCC_541\Debug\part2a.a(LCD_Char_1.o)
 .debug_line    0x000017a0      0x14a .\CortexM3\ARM_GCC_541\Debug\part2a.a(Timer_1.o)
 .debug_line    0x000018ea       0x7b .\CortexM3\ARM_GCC_541\Debug\part2a.a(Control_Timer_Reset.o)
 .debug_line    0x00001965      0x132 .\CortexM3\ARM_GCC_541\Debug\part2a.a(isr_1.o)
 .debug_line    0x00001a97       0x66 .\CortexM3\ARM_GCC_541\Debug\part2a.a(CyBootAsmGnu.o)
 .debug_line    0x00001afd      0x21a .\CortexM3\ARM_GCC_541\Debug\part2a.a(CyFlash.o)
 .debug_line    0x00001d17      0x260 .\CortexM3\ARM_GCC_541\Debug\part2a.a(CySpc.o)

.debug_frame    0x00000000     0x17c4
 *(.debug_frame)
 .debug_frame   0x00000000       0x4c .\CortexM3\ARM_GCC_541\Debug\main.o
 .debug_frame   0x0000004c       0xe4 .\CortexM3\ARM_GCC_541\Debug\cyfitter_cfg.o
 .debug_frame   0x00000130       0xb8 .\CortexM3\ARM_GCC_541\Debug\Cm3Start.o
 .debug_frame   0x000001e8       0x30 .\CortexM3\ARM_GCC_541\Debug\part2a.a(Control_Reg_1.o)
 .debug_frame   0x00000218      0x738 .\CortexM3\ARM_GCC_541\Debug\part2a.a(CyLib.o)
 .debug_frame   0x00000950      0x1f8 .\CortexM3\ARM_GCC_541\Debug\part2a.a(cyPm.o)
 .debug_frame   0x00000b48      0x134 .\CortexM3\ARM_GCC_541\Debug\part2a.a(Counter_1.o)
 .debug_frame   0x00000c7c       0x30 .\CortexM3\ARM_GCC_541\Debug\part2a.a(Control_Reset.o)
 .debug_frame   0x00000cac      0x1e8 .\CortexM3\ARM_GCC_541\Debug\part2a.a(LCD_Char_1.o)
 .debug_frame   0x00000e94      0x104 .\CortexM3\ARM_GCC_541\Debug\part2a.a(Timer_1.o)
 .debug_frame   0x00000f98       0x30 .\CortexM3\ARM_GCC_541\Debug\part2a.a(Control_Timer_Reset.o)
 .debug_frame   0x00000fc8      0x104 .\CortexM3\ARM_GCC_541\Debug\part2a.a(isr_1.o)
 .debug_frame   0x000010cc      0x194 .\CortexM3\ARM_GCC_541\Debug\part2a.a(CyFlash.o)
 .debug_frame   0x00001260      0x180 .\CortexM3\ARM_GCC_541\Debug\part2a.a(CySpc.o)
 .debug_frame   0x000013e0       0x20 c:/program files (x86)/cypress/psoc creator/4.2/psoc creator/import/gnu/arm/5.4.1/bin/../lib/gcc/arm-none-eabi/5.4.1/../../../../arm-none-eabi/lib/armv7-m\libg_nano.a(lib_a-errno.o)
 .debug_frame   0x00001400       0x28 c:/program files (x86)/cypress/psoc creator/4.2/psoc creator/import/gnu/arm/5.4.1/bin/../lib/gcc/arm-none-eabi/5.4.1/../../../../arm-none-eabi/lib/armv7-m\libg_nano.a(lib_a-exit.o)
 .debug_frame   0x00001428       0x2c c:/program files (x86)/cypress/psoc creator/4.2/psoc creator/import/gnu/arm/5.4.1/bin/../lib/gcc/arm-none-eabi/5.4.1/../../../../arm-none-eabi/lib/armv7-m\libg_nano.a(lib_a-init.o)
 .debug_frame   0x00001454       0x28 c:/program files (x86)/cypress/psoc creator/4.2/psoc creator/import/gnu/arm/5.4.1/bin/../lib/gcc/arm-none-eabi/5.4.1/../../../../arm-none-eabi/lib/armv7-m\libg_nano.a(lib_a-memcpy-stub.o)
 .debug_frame   0x0000147c       0x20 c:/program files (x86)/cypress/psoc creator/4.2/psoc creator/import/gnu/arm/5.4.1/bin/../lib/gcc/arm-none-eabi/5.4.1/../../../../arm-none-eabi/lib/armv7-m\libg_nano.a(lib_a-memset.o)
 .debug_frame   0x0000149c       0x70 c:/program files (x86)/cypress/psoc creator/4.2/psoc creator/import/gnu/arm/5.4.1/bin/../lib/gcc/arm-none-eabi/5.4.1/../../../../arm-none-eabi/lib/armv7-m\libg_nano.a(lib_a-sprintf.o)
 .debug_frame   0x0000150c       0x90 c:/program files (x86)/cypress/psoc creator/4.2/psoc creator/import/gnu/arm/5.4.1/bin/../lib/gcc/arm-none-eabi/5.4.1/../../../../arm-none-eabi/lib/armv7-m\libg_nano.a(lib_a-nano-svfprintf.o)
 .debug_frame   0x0000159c       0x60 c:/program files (x86)/cypress/psoc creator/4.2/psoc creator/import/gnu/arm/5.4.1/bin/../lib/gcc/arm-none-eabi/5.4.1/../../../../arm-none-eabi/lib/armv7-m\libg_nano.a(lib_a-nano-vfprintf_i.o)
 .debug_frame   0x000015fc       0x28 c:/program files (x86)/cypress/psoc creator/4.2/psoc creator/import/gnu/arm/5.4.1/bin/../lib/gcc/arm-none-eabi/5.4.1/../../../../arm-none-eabi/lib/armv7-m\libg_nano.a(lib_a-memchr-stub.o)
 .debug_frame   0x00001624       0x28 c:/program files (x86)/cypress/psoc creator/4.2/psoc creator/import/gnu/arm/5.4.1/bin/../lib/gcc/arm-none-eabi/5.4.1/../../../../arm-none-eabi/lib/armv7-m\libg_nano.a(lib_a-memmove.o)
 .debug_frame   0x0000164c       0x38 c:/program files (x86)/cypress/psoc creator/4.2/psoc creator/import/gnu/arm/5.4.1/bin/../lib/gcc/arm-none-eabi/5.4.1/../../../../arm-none-eabi/lib/armv7-m\libg_nano.a(lib_a-nano-freer.o)
 .debug_frame   0x00001684       0x2c c:/program files (x86)/cypress/psoc creator/4.2/psoc creator/import/gnu/arm/5.4.1/bin/../lib/gcc/arm-none-eabi/5.4.1/../../../../arm-none-eabi/lib/armv7-m\libg_nano.a(lib_a-nano-mallocr.o)
 .debug_frame   0x000016b0       0x3c c:/program files (x86)/cypress/psoc creator/4.2/psoc creator/import/gnu/arm/5.4.1/bin/../lib/gcc/arm-none-eabi/5.4.1/../../../../arm-none-eabi/lib/armv7-m\libg_nano.a(lib_a-nano-reallocr.o)
 .debug_frame   0x000016ec       0x2c c:/program files (x86)/cypress/psoc creator/4.2/psoc creator/import/gnu/arm/5.4.1/bin/../lib/gcc/arm-none-eabi/5.4.1/../../../../arm-none-eabi/lib/armv7-m\libg_nano.a(lib_a-sbrkr.o)
 .debug_frame   0x00001718       0x30 c:/program files (x86)/cypress/psoc creator/4.2/psoc creator/import/gnu/arm/5.4.1/bin/../lib/gcc/arm-none-eabi/5.4.1/../../../../arm-none-eabi/lib/armv7-m\libg_nano.a(lib_a-mlock.o)
 .debug_frame   0x00001748       0x20 c:/program files (x86)/cypress/psoc creator/4.2/psoc creator/import/gnu/arm/5.4.1/bin/../lib/gcc/arm-none-eabi/5.4.1/../../../../arm-none-eabi/lib/armv7-m\libg_nano.a(lib_a-nano-msizer.o)
 .debug_frame   0x00001768       0x5c c:/program files (x86)/cypress/psoc creator/4.2/psoc creator/import/gnu/arm/5.4.1/bin/../lib/gcc/arm-none-eabi/5.4.1/../../../../arm-none-eabi/lib/armv7-m\libg_nano.a(lib_a-reent.o)

.debug_str      0x00000000     0x1a07
 *(.debug_str)
 .debug_str     0x00000000      0x2d8 .\CortexM3\ARM_GCC_541\Debug\main.o
                                0x329 (size before relaxing)
 .debug_str     0x000002d8      0x18d .\CortexM3\ARM_GCC_541\Debug\cyfitter_cfg.o
                                0x327 (size before relaxing)
 .debug_str     0x00000465       0x7f .\CortexM3\ARM_GCC_541\Debug\cymetadata.o
                                0x1f6 (size before relaxing)
 .debug_str     0x000004e4      0x13e .\CortexM3\ARM_GCC_541\Debug\Cm3Start.o
                                0x31c (size before relaxing)
 .debug_str     0x00000622       0x42 .\CortexM3\ARM_GCC_541\Debug\part2a.a(Control_Reg_1.o)
                                0x1d9 (size before relaxing)
 .debug_str     0x00000664      0x83d .\CortexM3\ARM_GCC_541\Debug\part2a.a(CyLib.o)
                                0xa59 (size before relaxing)
 .debug_str     0x00000ea1      0x365 .\CortexM3\ARM_GCC_541\Debug\part2a.a(cyPm.o)
                                0x745 (size before relaxing)
 .debug_str     0x00001206      0x1cc .\CortexM3\ARM_GCC_541\Debug\part2a.a(Counter_1.o)
                                0x3a9 (size before relaxing)
 .debug_str     0x000013d2       0x3a .\CortexM3\ARM_GCC_541\Debug\part2a.a(Control_Reset.o)
                                0x1d9 (size before relaxing)
 .debug_str     0x0000140c      0x16b .\CortexM3\ARM_GCC_541\Debug\part2a.a(LCD_Char_1.o)
                                0x3c9 (size before relaxing)
 .debug_str     0x00001577      0x118 .\CortexM3\ARM_GCC_541\Debug\part2a.a(Timer_1.o)
                                0x330 (size before relaxing)
 .debug_str     0x0000168f       0x46 .\CortexM3\ARM_GCC_541\Debug\part2a.a(Control_Timer_Reset.o)
                                0x1eb (size before relaxing)
 .debug_str     0x000016d5       0xcb .\CortexM3\ARM_GCC_541\Debug\part2a.a(isr_1.o)
                                0x2b8 (size before relaxing)
 .debug_str     0x000017a0      0x1bb .\CortexM3\ARM_GCC_541\Debug\part2a.a(CyFlash.o)
                                0x3d2 (size before relaxing)
 .debug_str     0x0000195b       0xac .\CortexM3\ARM_GCC_541\Debug\part2a.a(CySpc.o)
                                0x34a (size before relaxing)

.debug_loc      0x00000000     0x1e46
 *(.debug_loc)
 .debug_loc     0x00000000       0x1f .\CortexM3\ARM_GCC_541\Debug\main.o
 .debug_loc     0x0000001f      0x1d7 .\CortexM3\ARM_GCC_541\Debug\cyfitter_cfg.o
 .debug_loc     0x000001f6      0x144 .\CortexM3\ARM_GCC_541\Debug\Cm3Start.o
 .debug_loc     0x0000033a      0xa11 .\CortexM3\ARM_GCC_541\Debug\part2a.a(CyLib.o)
 .debug_loc     0x00000d4b      0x1e4 .\CortexM3\ARM_GCC_541\Debug\part2a.a(cyPm.o)
 .debug_loc     0x00000f2f       0x31 .\CortexM3\ARM_GCC_541\Debug\part2a.a(Counter_1.o)
 .debug_loc     0x00000f60      0x3c6 .\CortexM3\ARM_GCC_541\Debug\part2a.a(LCD_Char_1.o)
 .debug_loc     0x00001326       0x13 .\CortexM3\ARM_GCC_541\Debug\part2a.a(Timer_1.o)
 .debug_loc     0x00001339       0x56 .\CortexM3\ARM_GCC_541\Debug\part2a.a(isr_1.o)
 .debug_loc     0x0000138f      0x3b2 .\CortexM3\ARM_GCC_541\Debug\part2a.a(CyFlash.o)
 .debug_loc     0x00001741      0x705 .\CortexM3\ARM_GCC_541\Debug\part2a.a(CySpc.o)

.debug_macinfo
 *(.debug_macinfo)

.debug_ranges   0x00000000      0x6d0
 *(.debug_ranges)
 .debug_ranges  0x00000000       0x18 .\CortexM3\ARM_GCC_541\Debug\main.o
 .debug_ranges  0x00000018       0x48 .\CortexM3\ARM_GCC_541\Debug\cyfitter_cfg.o
 .debug_ranges  0x00000060       0x38 .\CortexM3\ARM_GCC_541\Debug\Cm3Start.o
 .debug_ranges  0x00000098       0x18 .\CortexM3\ARM_GCC_541\Debug\part2a.a(Control_Reg_1.o)
 .debug_ranges  0x000000b0      0x290 .\CortexM3\ARM_GCC_541\Debug\part2a.a(CyLib.o)
 .debug_ranges  0x00000340       0x88 .\CortexM3\ARM_GCC_541\Debug\part2a.a(cyPm.o)
 .debug_ranges  0x000003c8       0x88 .\CortexM3\ARM_GCC_541\Debug\part2a.a(Counter_1.o)
 .debug_ranges  0x00000450       0x18 .\CortexM3\ARM_GCC_541\Debug\part2a.a(Control_Reset.o)
 .debug_ranges  0x00000468       0x88 .\CortexM3\ARM_GCC_541\Debug\part2a.a(LCD_Char_1.o)
 .debug_ranges  0x000004f0       0x70 .\CortexM3\ARM_GCC_541\Debug\part2a.a(Timer_1.o)
 .debug_ranges  0x00000560       0x18 .\CortexM3\ARM_GCC_541\Debug\part2a.a(Control_Timer_Reset.o)
 .debug_ranges  0x00000578       0x70 .\CortexM3\ARM_GCC_541\Debug\part2a.a(isr_1.o)
 .debug_ranges  0x000005e8       0x78 .\CortexM3\ARM_GCC_541\Debug\part2a.a(CyFlash.o)
 .debug_ranges  0x00000660       0x70 .\CortexM3\ARM_GCC_541\Debug\part2a.a(CySpc.o)

.comment        0x00000000       0x6e
 .comment       0x00000000       0x6e .\CortexM3\ARM_GCC_541\Debug\main.o
                                 0x6f (size before relaxing)
 .comment       0x0000006e       0x6f .\CortexM3\ARM_GCC_541\Debug\cyfitter_cfg.o
 .comment       0x0000006e       0x6f .\CortexM3\ARM_GCC_541\Debug\cymetadata.o
 .comment       0x0000006e       0x6f .\CortexM3\ARM_GCC_541\Debug\Cm3Start.o
 .comment       0x0000006e       0x6f .\CortexM3\ARM_GCC_541\Debug\part2a.a(Control_Reg_1.o)
 .comment       0x0000006e       0x6f .\CortexM3\ARM_GCC_541\Debug\part2a.a(CyLib.o)
 .comment       0x0000006e       0x6f .\CortexM3\ARM_GCC_541\Debug\part2a.a(cyPm.o)
 .comment       0x0000006e       0x6f .\CortexM3\ARM_GCC_541\Debug\part2a.a(Counter_1.o)
 .comment       0x0000006e       0x6f .\CortexM3\ARM_GCC_541\Debug\part2a.a(Control_Reset.o)
 .comment       0x0000006e       0x6f .\CortexM3\ARM_GCC_541\Debug\part2a.a(LCD_Char_1.o)
 .comment       0x0000006e       0x6f .\CortexM3\ARM_GCC_541\Debug\part2a.a(Timer_1.o)
 .comment       0x0000006e       0x6f .\CortexM3\ARM_GCC_541\Debug\part2a.a(Control_Timer_Reset.o)
 .comment       0x0000006e       0x6f .\CortexM3\ARM_GCC_541\Debug\part2a.a(isr_1.o)
 .comment       0x0000006e       0x6f .\CortexM3\ARM_GCC_541\Debug\part2a.a(CyFlash.o)
 .comment       0x0000006e       0x6f .\CortexM3\ARM_GCC_541\Debug\part2a.a(CySpc.o)

.debug_weaknames
 *(.debug_weaknames)

.debug_funcnames
 *(.debug_funcnames)

.debug_typenames
 *(.debug_typenames)

.debug_varnames
 *(.debug_varnames)

.note.gnu.arm.ident
 *(.note.gnu.arm.ident)

.ARM.attributes
                0x00000000       0x29
 *(.ARM.attributes)
 .ARM.attributes
                0x00000000       0x1d c:/program files (x86)/cypress/psoc creator/4.2/psoc creator/import/gnu/arm/5.4.1/bin/../lib/gcc/arm-none-eabi/5.4.1/armv7-m/crti.o
 .ARM.attributes
                0x0000001d       0x2d c:/program files (x86)/cypress/psoc creator/4.2/psoc creator/import/gnu/arm/5.4.1/bin/../lib/gcc/arm-none-eabi/5.4.1/armv7-m/crtbegin.o
 .ARM.attributes
                0x0000004a       0x1b c:/program files (x86)/cypress/psoc creator/4.2/psoc creator/import/gnu/arm/5.4.1/bin/../lib/gcc/arm-none-eabi/5.4.1/../../../../arm-none-eabi/lib/armv7-m/crt0.o
 .ARM.attributes
                0x00000065       0x33 .\CortexM3\ARM_GCC_541\Debug\main.o
 .ARM.attributes
                0x00000098       0x33 .\CortexM3\ARM_GCC_541\Debug\cyfitter_cfg.o
 .ARM.attributes
                0x000000cb       0x33 .\CortexM3\ARM_GCC_541\Debug\cymetadata.o
 .ARM.attributes
                0x000000fe       0x33 .\CortexM3\ARM_GCC_541\Debug\Cm3Start.o
 .ARM.attributes
                0x00000131       0x33 .\CortexM3\ARM_GCC_541\Debug\part2a.a(Control_Reg_1.o)
 .ARM.attributes
                0x00000164       0x33 .\CortexM3\ARM_GCC_541\Debug\part2a.a(CyLib.o)
 .ARM.attributes
                0x00000197       0x33 .\CortexM3\ARM_GCC_541\Debug\part2a.a(cyPm.o)
 .ARM.attributes
                0x000001ca       0x33 .\CortexM3\ARM_GCC_541\Debug\part2a.a(Counter_1.o)
 .ARM.attributes
                0x000001fd       0x33 .\CortexM3\ARM_GCC_541\Debug\part2a.a(Control_Reset.o)
 .ARM.attributes
                0x00000230       0x33 .\CortexM3\ARM_GCC_541\Debug\part2a.a(LCD_Char_1.o)
 .ARM.attributes
                0x00000263       0x33 .\CortexM3\ARM_GCC_541\Debug\part2a.a(Timer_1.o)
 .ARM.attributes
                0x00000296       0x33 .\CortexM3\ARM_GCC_541\Debug\part2a.a(Control_Timer_Reset.o)
 .ARM.attributes
                0x000002c9       0x33 .\CortexM3\ARM_GCC_541\Debug\part2a.a(isr_1.o)
 .ARM.attributes
                0x000002fc       0x21 .\CortexM3\ARM_GCC_541\Debug\part2a.a(CyBootAsmGnu.o)
 .ARM.attributes
                0x0000031d       0x33 .\CortexM3\ARM_GCC_541\Debug\part2a.a(CyFlash.o)
 .ARM.attributes
                0x00000350       0x33 .\CortexM3\ARM_GCC_541\Debug\part2a.a(CySpc.o)
 .ARM.attributes
                0x00000383       0x2d c:/program files (x86)/cypress/psoc creator/4.2/psoc creator/import/gnu/arm/5.4.1/bin/../lib/gcc/arm-none-eabi/5.4.1/../../../../arm-none-eabi/lib/armv7-m\libg_nano.a(lib_a-errno.o)
 .ARM.attributes
                0x000003b0       0x2d c:/program files (x86)/cypress/psoc creator/4.2/psoc creator/import/gnu/arm/5.4.1/bin/../lib/gcc/arm-none-eabi/5.4.1/../../../../arm-none-eabi/lib/armv7-m\libg_nano.a(lib_a-exit.o)
 .ARM.attributes
                0x000003dd       0x2d c:/program files (x86)/cypress/psoc creator/4.2/psoc creator/import/gnu/arm/5.4.1/bin/../lib/gcc/arm-none-eabi/5.4.1/../../../../arm-none-eabi/lib/armv7-m\libg_nano.a(lib_a-impure.o)
 .ARM.attributes
                0x0000040a       0x2d c:/program files (x86)/cypress/psoc creator/4.2/psoc creator/import/gnu/arm/5.4.1/bin/../lib/gcc/arm-none-eabi/5.4.1/../../../../arm-none-eabi/lib/armv7-m\libg_nano.a(lib_a-init.o)
 .ARM.attributes
                0x00000437       0x2d c:/program files (x86)/cypress/psoc creator/4.2/psoc creator/import/gnu/arm/5.4.1/bin/../lib/gcc/arm-none-eabi/5.4.1/../../../../arm-none-eabi/lib/armv7-m\libg_nano.a(lib_a-memcpy-stub.o)
 .ARM.attributes
                0x00000464       0x2d c:/program files (x86)/cypress/psoc creator/4.2/psoc creator/import/gnu/arm/5.4.1/bin/../lib/gcc/arm-none-eabi/5.4.1/../../../../arm-none-eabi/lib/armv7-m\libg_nano.a(lib_a-memset.o)
 .ARM.attributes
                0x00000491       0x2d c:/program files (x86)/cypress/psoc creator/4.2/psoc creator/import/gnu/arm/5.4.1/bin/../lib/gcc/arm-none-eabi/5.4.1/../../../../arm-none-eabi/lib/armv7-m\libg_nano.a(lib_a-sprintf.o)
 .ARM.attributes
                0x000004be       0x2d c:/program files (x86)/cypress/psoc creator/4.2/psoc creator/import/gnu/arm/5.4.1/bin/../lib/gcc/arm-none-eabi/5.4.1/../../../../arm-none-eabi/lib/armv7-m\libg_nano.a(lib_a-nano-svfprintf.o)
 .ARM.attributes
                0x000004eb       0x2d c:/program files (x86)/cypress/psoc creator/4.2/psoc creator/import/gnu/arm/5.4.1/bin/../lib/gcc/arm-none-eabi/5.4.1/../../../../arm-none-eabi/lib/armv7-m\libg_nano.a(lib_a-nano-vfprintf_i.o)
 .ARM.attributes
                0x00000518       0x2d c:/program files (x86)/cypress/psoc creator/4.2/psoc creator/import/gnu/arm/5.4.1/bin/../lib/gcc/arm-none-eabi/5.4.1/../../../../arm-none-eabi/lib/armv7-m\libg_nano.a(lib_a-memchr-stub.o)
 .ARM.attributes
                0x00000545       0x2d c:/program files (x86)/cypress/psoc creator/4.2/psoc creator/import/gnu/arm/5.4.1/bin/../lib/gcc/arm-none-eabi/5.4.1/../../../../arm-none-eabi/lib/armv7-m\libg_nano.a(lib_a-memmove.o)
 .ARM.attributes
                0x00000572       0x2d c:/program files (x86)/cypress/psoc creator/4.2/psoc creator/import/gnu/arm/5.4.1/bin/../lib/gcc/arm-none-eabi/5.4.1/../../../../arm-none-eabi/lib/armv7-m\libg_nano.a(lib_a-nano-freer.o)
 .ARM.attributes
                0x0000059f       0x2d c:/program files (x86)/cypress/psoc creator/4.2/psoc creator/import/gnu/arm/5.4.1/bin/../lib/gcc/arm-none-eabi/5.4.1/../../../../arm-none-eabi/lib/armv7-m\libg_nano.a(lib_a-nano-mallocr.o)
 .ARM.attributes
                0x000005cc       0x2d c:/program files (x86)/cypress/psoc creator/4.2/psoc creator/import/gnu/arm/5.4.1/bin/../lib/gcc/arm-none-eabi/5.4.1/../../../../arm-none-eabi/lib/armv7-m\libg_nano.a(lib_a-nano-reallocr.o)
 .ARM.attributes
                0x000005f9       0x2d c:/program files (x86)/cypress/psoc creator/4.2/psoc creator/import/gnu/arm/5.4.1/bin/../lib/gcc/arm-none-eabi/5.4.1/../../../../arm-none-eabi/lib/armv7-m\libg_nano.a(lib_a-sbrkr.o)
 .ARM.attributes
                0x00000626       0x2d c:/program files (x86)/cypress/psoc creator/4.2/psoc creator/import/gnu/arm/5.4.1/bin/../lib/gcc/arm-none-eabi/5.4.1/../../../../arm-none-eabi/lib/armv7-m\libg_nano.a(lib_a-mlock.o)
 .ARM.attributes
                0x00000653       0x2d c:/program files (x86)/cypress/psoc creator/4.2/psoc creator/import/gnu/arm/5.4.1/bin/../lib/gcc/arm-none-eabi/5.4.1/../../../../arm-none-eabi/lib/armv7-m\libg_nano.a(lib_a-nano-msizer.o)
 .ARM.attributes
                0x00000680       0x2d c:/program files (x86)/cypress/psoc creator/4.2/psoc creator/import/gnu/arm/5.4.1/bin/../lib/gcc/arm-none-eabi/5.4.1/../../../../arm-none-eabi/lib/armv7-m\libg_nano.a(lib_a-reent.o)
 .ARM.attributes
                0x000006ad       0x2d c:/program files (x86)/cypress/psoc creator/4.2/psoc creator/import/gnu/arm/5.4.1/bin/../lib/gcc/arm-none-eabi/5.4.1/armv7-m/crtend.o
 .ARM.attributes
                0x000006da       0x1d c:/program files (x86)/cypress/psoc creator/4.2/psoc creator/import/gnu/arm/5.4.1/bin/../lib/gcc/arm-none-eabi/5.4.1/armv7-m/crtn.o

/DISCARD/
 *(.note.GNU-stack)
OUTPUT(C:\Users\narking\Desktop\CE121\narking\labs\lab1\design\WorkspaceLab01\part2a.cydsn\CortexM3\ARM_GCC_541\Debug\part2a.elf elf32-littlearm)
