Archive member included to satisfy reference by file (symbol)

.\CortexM3\ARM_GCC_541\Debug\part2b.a(Control_Reg_1.o)
                              .\CortexM3\ARM_GCC_541\Debug\main.o (Control_Reg_1_Write)
.\CortexM3\ARM_GCC_541\Debug\part2b.a(Counter_1.o)
                              .\CortexM3\ARM_GCC_541\Debug\main.o (Counter_1_Start)
.\CortexM3\ARM_GCC_541\Debug\part2b.a(Counter_1_PM.o)
                              .\CortexM3\ARM_GCC_541\Debug\main.o (Counter_1_Sleep)
.\CortexM3\ARM_GCC_541\Debug\part2b.a(Control_Reset.o)
                              .\CortexM3\ARM_GCC_541\Debug\main.o (Control_Reset_Write)
.\CortexM3\ARM_GCC_541\Debug\part2b.a(LCD_Char_1.o)
                              .\CortexM3\ARM_GCC_541\Debug\main.o (LCD_Char_1_IsReady)
.\CortexM3\ARM_GCC_541\Debug\part2b.a(Timer_1.o)
                              .\CortexM3\ARM_GCC_541\Debug\main.o (Timer_1_ReadCounter)
.\CortexM3\ARM_GCC_541\Debug\part2b.a(Timer_1_PM.o)
                              .\CortexM3\ARM_GCC_541\Debug\main.o (Timer_1_Sleep)
.\CortexM3\ARM_GCC_541\Debug\part2b.a(Control_Timer_Reset.o)
                              .\CortexM3\ARM_GCC_541\Debug\main.o (Control_Timer_Reset_Write)
.\CortexM3\ARM_GCC_541\Debug\part2b.a(isr_1.o)
                              .\CortexM3\ARM_GCC_541\Debug\main.o (isr_1_Enable)
.\CortexM3\ARM_GCC_541\Debug\part2b.a(Counter_2.o)
                              .\CortexM3\ARM_GCC_541\Debug\main.o (Counter_2_ReadCounter)
.\CortexM3\ARM_GCC_541\Debug\part2b.a(Counter_2_PM.o)
                              .\CortexM3\ARM_GCC_541\Debug\main.o (Counter_2_Sleep)
.\CortexM3\ARM_GCC_541\Debug\part2b.a(LED_Reset.o)
                              .\CortexM3\ARM_GCC_541\Debug\main.o (LED_Reset_Write)
.\CortexM3\ARM_GCC_541\Debug\part2b.a(isr_2.o)
                              .\CortexM3\ARM_GCC_541\Debug\main.o (isr_2_StartEx)
.\CortexM3\ARM_GCC_541\Debug\part2b.a(SleepTimer_1.o)
                              .\CortexM3\ARM_GCC_541\Debug\main.o (SleepTimer_1_Start)
.\CortexM3\ARM_GCC_541\Debug\part2b.a(CyLib.o)
                              .\CortexM3\ARM_GCC_541\Debug\Cm3Start.o (CyHalt)
.\CortexM3\ARM_GCC_541\Debug\part2b.a(cyPm.o)
                              .\CortexM3\ARM_GCC_541\Debug\main.o (CyPmSaveClocks)
.\CortexM3\ARM_GCC_541\Debug\part2b.a(cyutils.o)
                              .\CortexM3\ARM_GCC_541\Debug\part2b.a(Timer_1.o) (CySetReg24)
.\CortexM3\ARM_GCC_541\Debug\part2b.a(CyBootAsmGnu.o)
                              .\CortexM3\ARM_GCC_541\Debug\cyfitter_cfg.o (CyDelayCycles)
.\CortexM3\ARM_GCC_541\Debug\part2b.a(CyFlash.o)
                              .\CortexM3\ARM_GCC_541\Debug\part2b.a(cyPm.o) (CyFlash_SetWaitCycles)
.\CortexM3\ARM_GCC_541\Debug\part2b.a(CySpc.o)
                              .\CortexM3\ARM_GCC_541\Debug\part2b.a(CyFlash.o) (CySpcStart)
c:/program files (x86)/cypress/psoc creator/4.2/psoc creator/import/gnu/arm/5.4.1/bin/../lib/gcc/arm-none-eabi/5.4.1/../../../../arm-none-eabi/lib/armv7-m\libg_nano.a(lib_a-errno.o)
                              .\CortexM3\ARM_GCC_541\Debug\Cm3Start.o (__errno)
c:/program files (x86)/cypress/psoc creator/4.2/psoc creator/import/gnu/arm/5.4.1/bin/../lib/gcc/arm-none-eabi/5.4.1/../../../../arm-none-eabi/lib/armv7-m\libg_nano.a(lib_a-exit.o)
                              c:/program files (x86)/cypress/psoc creator/4.2/psoc creator/import/gnu/arm/5.4.1/bin/../lib/gcc/arm-none-eabi/5.4.1/../../../../arm-none-eabi/lib/armv7-m/crt0.o (exit)
c:/program files (x86)/cypress/psoc creator/4.2/psoc creator/import/gnu/arm/5.4.1/bin/../lib/gcc/arm-none-eabi/5.4.1/../../../../arm-none-eabi/lib/armv7-m\libg_nano.a(lib_a-impure.o)
                              c:/program files (x86)/cypress/psoc creator/4.2/psoc creator/import/gnu/arm/5.4.1/bin/../lib/gcc/arm-none-eabi/5.4.1/../../../../arm-none-eabi/lib/armv7-m\libg_nano.a(lib_a-exit.o) (_global_impure_ptr)
c:/program files (x86)/cypress/psoc creator/4.2/psoc creator/import/gnu/arm/5.4.1/bin/../lib/gcc/arm-none-eabi/5.4.1/../../../../arm-none-eabi/lib/armv7-m\libg_nano.a(lib_a-init.o)
                              c:/program files (x86)/cypress/psoc creator/4.2/psoc creator/import/gnu/arm/5.4.1/bin/../lib/gcc/arm-none-eabi/5.4.1/../../../../arm-none-eabi/lib/armv7-m/crt0.o (__libc_init_array)
c:/program files (x86)/cypress/psoc creator/4.2/psoc creator/import/gnu/arm/5.4.1/bin/../lib/gcc/arm-none-eabi/5.4.1/../../../../arm-none-eabi/lib/armv7-m\libg_nano.a(lib_a-memcpy-stub.o)
                              .\CortexM3\ARM_GCC_541\Debug\cyfitter_cfg.o (memcpy)
c:/program files (x86)/cypress/psoc creator/4.2/psoc creator/import/gnu/arm/5.4.1/bin/../lib/gcc/arm-none-eabi/5.4.1/../../../../arm-none-eabi/lib/armv7-m\libg_nano.a(lib_a-memset.o)
                              c:/program files (x86)/cypress/psoc creator/4.2/psoc creator/import/gnu/arm/5.4.1/bin/../lib/gcc/arm-none-eabi/5.4.1/../../../../arm-none-eabi/lib/armv7-m/crt0.o (memset)
[...]
Memory Configuration

Name             Origin             Length             Attributes
rom              0x00000000         0x00040000         xr
ram              0x1fff8000         0x00010000         xrw
*default*        0x00000000         0xffffffff

Linker script and memory map

LOAD c:/program files (x86)/cypress/psoc creator/4.2/psoc creator/import/gnu/arm/5.4.1/bin/../lib/gcc/arm-none-eabi/5.4.1/armv7-m/crti.o
LOAD c:/program files (x86)/cypress/psoc creator/4.2/psoc creator/import/gnu/arm/5.4.1/bin/../lib/gcc/arm-none-eabi/5.4.1/armv7-m/crtbegin.o
LOAD c:/program files (x86)/cypress/psoc creator/4.2/psoc creator/import/gnu/arm/5.4.1/bin/../lib/gcc/arm-none-eabi/5.4.1/../../../../arm-none-eabi/lib/armv7-m/crt0.o
START GROUP
LOAD .\CortexM3\ARM_GCC_541\Debug\main.o
LOAD .\CortexM3\ARM_GCC_541\Debug\cyfitter_cfg.o
LOAD .\CortexM3\ARM_GCC_541\Debug\cymetadata.o
LOAD .\CortexM3\ARM_GCC_541\Debug\Cm3Start.o
LOAD .\CortexM3\ARM_GCC_541\Debug\part2b.a
LOAD C:\Program Files (x86)\Cypress\PSoC Creator\4.2\PSoC Creator\psoc\content\cycomponentlibrary\CyComponentLibrary.cylib\CortexM3\ARM_GCC_541\Debug\CyComponentLibrary.a
END GROUP
START GROUP
LOAD c:/program files (x86)/cypress/psoc creator/4.2/psoc creator/import/gnu/arm/5.4.1/bin/../lib/gcc/arm-none-eabi/5.4.1/armv7-m\libgcc.a
LOAD c:/program files (x86)/cypress/psoc creator/4.2/psoc creator/import/gnu/arm/5.4.1/bin/../lib/gcc/arm-none-eabi/5.4.1/../../../../arm-none-eabi/lib/armv7-m\libg_nano.a
LOAD c:/program files (x86)/cypress/psoc creator/4.2/psoc creator/import/gnu/arm/5.4.1/bin/../lib/gcc/arm-none-eabi/5.4.1/../../../../arm-none-eabi/lib/armv7-m\libc_nano.a
END GROUP
START GROUP
LOAD c:/program files (x86)/cypress/psoc creator/4.2/psoc creator/import/gnu/arm/5.4.1/bin/../lib/gcc/arm-none-eabi/5.4.1/armv7-m\libgcc.a
LOAD c:/program files (x86)/cypress/psoc creator/4.2/psoc creator/import/gnu/arm/5.4.1/bin/../lib/gcc/arm-none-eabi/5.4.1/../../../../arm-none-eabi/lib/armv7-m\libc_nano.a
END GROUP
LOAD c:/program files (x86)/cypress/psoc creator/4.2/psoc creator/import/gnu/arm/5.4.1/bin/../lib/gcc/arm-none-eabi/5.4.1/armv7-m/crtend.o
LOAD c:/program files (x86)/cypress/psoc creator/4.2/psoc creator/import/gnu/arm/5.4.1/bin/../lib/gcc/arm-none-eabi/5.4.1/armv7-m/crtn.o
START GROUP
LOAD c:/program files (x86)/cypress/psoc creator/4.2/psoc creator/import/gnu/arm/5.4.1/bin/../lib/gcc/arm-none-eabi/5.4.1/armv7-m\libgcc.a
LOAD c:/program files (x86)/cypress/psoc creator/4.2/psoc creator/import/gnu/arm/5.4.1/bin/../lib/gcc/arm-none-eabi/5.4.1/../../../../arm-none-eabi/lib/armv7-m\libc.a
LOAD c:/program files (x86)/cypress/psoc creator/4.2/psoc creator/import/gnu/arm/5.4.1/bin/../lib/gcc/arm-none-eabi/5.4.1/../../../../arm-none-eabi/lib/armv7-m\libnosys.a
END GROUP
                0x00000000                CY_APPL_ORIGIN = 0x0
                0x00000100                CY_FLASH_ROW_SIZE = 0x100
                0x00000020                CY_ECC_ROW_SIZE = 0x20
                0x00000000                CY_EE_IN_BTLDR = 0x0
                0x00000000                CY_APPL_LOADABLE = 0x0
                0x00000800                CY_EE_SIZE = 0x800
                0x00000001                CY_APPL_NUM = 0x1
                0x00000001                CY_APPL_MAX = 0x1
                0x00000040                CY_METADATA_SIZE = 0x40
                0x00000000                CY_APPL_LOADABLE = 0x0
                0x00000000                CY_CHECKSUM_EXCLUDE_SIZE = ALIGN (0x0, CY_FLASH_ROW_SIZE)
                [!provide]                PROVIDE (__cy_heap_start, _end)
                0x00000001                PROVIDE (__cy_region_num, ((__cy_regions_end - __cy_regions) / 0x10))
                0x20008000                PROVIDE (__cy_stack, (ORIGIN (ram) + LENGTH (ram)))
                [!provide]                PROVIDE (__cy_heap_end, (__cy_stack - 0x800))

.cybootloader   0x00000000        0x0
 *(.cybootloader)
                0x00000000                appl1_start = CY_APPL_ORIGIN?CY_APPL_ORIGIN:ALIGN (CY_FLASH_ROW_SIZE)
                0x0001ff00                appl2_start = (appl1_start + ALIGN ((((LENGTH (rom) - appl1_start) - (0x2 * CY_FLASH_ROW_SIZE)) / 0x2), CY_FLASH_ROW_SIZE))
                0x00000000                appl_start = (CY_APPL_NUM == 0x1)?appl1_start:appl2_start
                0x00000000                ecc_offset = ((appl_start / CY_FLASH_ROW_SIZE) * CY_ECC_ROW_SIZE)
                0x00000000                ee_offset = (CY_APPL_LOADABLE && ! (CY_EE_IN_BTLDR))?((CY_EE_SIZE / CY_APPL_MAX) * (CY_APPL_NUM - 0x1)):0x0
                0x00000800                ee_size = (CY_APPL_LOADABLE && ! (CY_EE_IN_BTLDR))?(CY_EE_SIZE / CY_APPL_MAX):CY_EE_SIZE
                [!provide]                PROVIDE (CY_ECC_OFFSET, ecc_offset)

.text           0x00000000     0x2524
 CREATE_OBJECT_SYMBOLS
                0x00000000                PROVIDE (__cy_interrupt_vector, RomVectors)
 *(.romvectors)
 .romvectors    0x00000000       0x10 .\CortexM3\ARM_GCC_541\Debug\Cm3Start.o
                0x00000000                RomVectors
                0x00000001                ASSERT ((. != __cy_interrupt_vector), No interrupt vector)
                0x00000001                ASSERT (CY_APPL_ORIGIN?(SIZEOF (.cybootloader) <= CY_APPL_ORIGIN):0x1, Wrong image location)
                0x00000010                PROVIDE (__cy_reset, Reset)
 *(.text.Reset)
 .text.Reset    0x00000010       0x18 .\CortexM3\ARM_GCC_541\Debug\Cm3Start.o
                0x00000010                Reset
                0x00000001                ASSERT ((. != __cy_reset), No reset code)
 *(.dma_init)
                0x00000001                ASSERT ((((appl_start + .) <= 0x10000) || 0x1), DMA Init must be within the first 64k of flash)
 *(.text .text.* .gnu.linkonce.t.*)
 .text          0x00000028       0x5c c:/program files (x86)/cypress/psoc creator/4.2/psoc creator/import/gnu/arm/5.4.1/bin/../lib/gcc/arm-none-eabi/5.4.1/armv7-m/crtbegin.o
 .text.MyISR    0x00000084       0x18 .\CortexM3\ARM_GCC_541\Debug\main.o
                0x00000084                MyISR
 .text.Snooze   0x0000009c        0x8 .\CortexM3\ARM_GCC_541\Debug\main.o
                0x0000009c                Snooze
 .text.main     0x000000a4      0x170 .\CortexM3\ARM_GCC_541\Debug\main.o
                0x000000a4                main
 .text.CyClockStartupError
                0x00000214        0x4 .\CortexM3\ARM_GCC_541\Debug\cyfitter_cfg.o
 .text.cfg_write_bytes32
                0x00000218       0x34 .\CortexM3\ARM_GCC_541\Debug\cyfitter_cfg.o
 .text.AnalogSetDefault
                0x0000024c       0x28 .\CortexM3\ARM_GCC_541\Debug\cyfitter_cfg.o
 .text.CYMEMZERO
                0x00000274        0xc .\CortexM3\ARM_GCC_541\Debug\cyfitter_cfg.o
 .text.ClockSetup
                0x00000280       0xd8 .\CortexM3\ARM_GCC_541\Debug\cyfitter_cfg.o
 .text.CYCONFIGCPY
                0x00000358        0x8 .\CortexM3\ARM_GCC_541\Debug\cyfitter_cfg.o
 .text.cyfitter_cfg
                0x00000360      0x108 .\CortexM3\ARM_GCC_541\Debug\cyfitter_cfg.o
                0x00000360                cyfitter_cfg
 .text.IntDefaultHandler
                0x00000468       0x10 .\CortexM3\ARM_GCC_541\Debug\Cm3Start.o
                0x00000468                IntDefaultHandler
 .text._sbrk    0x00000478       0x30 .\CortexM3\ARM_GCC_541\Debug\Cm3Start.o
                0x00000478                _sbrk
 .text.Start_c  0x000004a8       0x4c .\CortexM3\ARM_GCC_541\Debug\Cm3Start.o
                0x000004a8                Start_c
 .text.initialize_psoc
                0x000004f4       0x68 .\CortexM3\ARM_GCC_541\Debug\Cm3Start.o
                0x000004f4                initialize_psoc
 .text.Control_Reg_1_Write
                0x0000055c        0xc .\CortexM3\ARM_GCC_541\Debug\part2b.a(Control_Reg_1.o)
                0x0000055c                Control_Reg_1_Write
 .text.Counter_1_Enable
                0x00000568       0x10 .\CortexM3\ARM_GCC_541\Debug\part2b.a(Counter_1.o)
                0x00000568                Counter_1_Enable
 .text.Counter_1_Stop
                0x00000578       0x10 .\CortexM3\ARM_GCC_541\Debug\part2b.a(Counter_1.o)
                0x00000578                Counter_1_Stop
 .text.Counter_1_SetInterruptMode
                0x00000588        0xc .\CortexM3\ARM_GCC_541\Debug\part2b.a(Counter_1.o)
                0x00000588                Counter_1_SetInterruptMode
 .text.Counter_1_ReadStatusRegister
                0x00000594        0xc .\CortexM3\ARM_GCC_541\Debug\part2b.a(Counter_1.o)
                0x00000594                Counter_1_ReadStatusRegister
 .text.Counter_1_ReadControlRegister
                0x000005a0        0xc .\CortexM3\ARM_GCC_541\Debug\part2b.a(Counter_1.o)
                0x000005a0                Counter_1_ReadControlRegister
 .text.Counter_1_WriteControlRegister
                0x000005ac        0xc .\CortexM3\ARM_GCC_541\Debug\part2b.a(Counter_1.o)
                0x000005ac                Counter_1_WriteControlRegister
 .text.Counter_1_WriteCounter
                0x000005b8        0xc .\CortexM3\ARM_GCC_541\Debug\part2b.a(Counter_1.o)
                0x000005b8                Counter_1_WriteCounter
 .text.Counter_1_ReadCounter
                0x000005c4       0x14 .\CortexM3\ARM_GCC_541\Debug\part2b.a(Counter_1.o)
                0x000005c4                Counter_1_ReadCounter
 .text.Counter_1_ReadCapture
                0x000005d8        0xc .\CortexM3\ARM_GCC_541\Debug\part2b.a(Counter_1.o)
                0x000005d8                Counter_1_ReadCapture
 .text.Counter_1_WritePeriod
                0x000005e4        0xc .\CortexM3\ARM_GCC_541\Debug\part2b.a(Counter_1.o)
                0x000005e4                Counter_1_WritePeriod
 .text.Counter_1_WriteCompare
                0x000005f0        0xc .\CortexM3\ARM_GCC_541\Debug\part2b.a(Counter_1.o)
                0x000005f0                Counter_1_WriteCompare
 .text.Counter_1_ClearFIFO
                0x000005fc       0x14 .\CortexM3\ARM_GCC_541\Debug\part2b.a(Counter_1.o)
                0x000005fc                Counter_1_ClearFIFO
 .text.Counter_1_Init
                0x00000610       0x54 .\CortexM3\ARM_GCC_541\Debug\part2b.a(Counter_1.o)
                0x00000610                Counter_1_Init
 .text.Counter_1_Start
                0x00000664       0x1c .\CortexM3\ARM_GCC_541\Debug\part2b.a(Counter_1.o)
                0x00000664                Counter_1_Start
 .text.Counter_1_SaveConfig
                0x00000680       0x18 .\CortexM3\ARM_GCC_541\Debug\part2b.a(Counter_1_PM.o)
                0x00000680                Counter_1_SaveConfig
 .text.Counter_1_RestoreConfig
                0x00000698       0x18 .\CortexM3\ARM_GCC_541\Debug\part2b.a(Counter_1_PM.o)
                0x00000698                Counter_1_RestoreConfig
 .text.Counter_1_Sleep
                0x000006b0       0x2c .\CortexM3\ARM_GCC_541\Debug\part2b.a(Counter_1_PM.o)
                0x000006b0                Counter_1_Sleep
 .text.Counter_1_Wakeup
                0x000006dc       0x18 .\CortexM3\ARM_GCC_541\Debug\part2b.a(Counter_1_PM.o)
                0x000006dc                Counter_1_Wakeup
 .text.Control_Reset_Write
                0x000006f4        0xc .\CortexM3\ARM_GCC_541\Debug\part2b.a(Control_Reset.o)
                0x000006f4                Control_Reset_Write
 .text.LCD_Char_1_WrCntrlNib
                0x00000700       0x34 .\CortexM3\ARM_GCC_541\Debug\part2b.a(LCD_Char_1.o)
 .text.LCD_Char_1_WrDatNib
                0x00000734       0x44 .\CortexM3\ARM_GCC_541\Debug\part2b.a(LCD_Char_1.o)
 .text.LCD_Char_1_IsReady
                0x00000778       0xe4 .\CortexM3\ARM_GCC_541\Debug\part2b.a(LCD_Char_1.o)
                0x00000778                LCD_Char_1_IsReady
 .text.LCD_Char_1_WriteData
                0x0000085c       0x18 .\CortexM3\ARM_GCC_541\Debug\part2b.a(LCD_Char_1.o)
                0x0000085c                LCD_Char_1_WriteData
 .text.LCD_Char_1_PrintString
                0x00000874       0x1c .\CortexM3\ARM_GCC_541\Debug\part2b.a(LCD_Char_1.o)
                0x00000874                LCD_Char_1_PrintString
 .text.LCD_Char_1_WriteControl
                0x00000890       0x18 .\CortexM3\ARM_GCC_541\Debug\part2b.a(LCD_Char_1.o)
                0x00000890                LCD_Char_1_WriteControl
 .text.LCD_Char_1_Init
                0x000008a8       0x6c .\CortexM3\ARM_GCC_541\Debug\part2b.a(LCD_Char_1.o)
                0x000008a8                LCD_Char_1_Init
 .text.LCD_Char_1_Enable
                0x00000914       0x14 .\CortexM3\ARM_GCC_541\Debug\part2b.a(LCD_Char_1.o)
                0x00000914                LCD_Char_1_Enable
 .text.LCD_Char_1_Start
                0x00000928       0x1c .\CortexM3\ARM_GCC_541\Debug\part2b.a(LCD_Char_1.o)
                0x00000928                LCD_Char_1_Start
 .text.LCD_Char_1_Position
                0x00000944       0x3c .\CortexM3\ARM_GCC_541\Debug\part2b.a(LCD_Char_1.o)
                0x00000944                LCD_Char_1_Position
 .text.Timer_1_Stop
                0x00000980        0x4 .\CortexM3\ARM_GCC_541\Debug\part2b.a(Timer_1.o)
                0x00000980                Timer_1_Stop
 .text.Timer_1_SetInterruptMode
                0x00000984        0xc .\CortexM3\ARM_GCC_541\Debug\part2b.a(Timer_1.o)
                0x00000984                Timer_1_SetInterruptMode
 .text.Timer_1_ReadStatusRegister
                0x00000990        0xc .\CortexM3\ARM_GCC_541\Debug\part2b.a(Timer_1.o)
                0x00000990                Timer_1_ReadStatusRegister
 .text.Timer_1_WritePeriod
                0x0000099c       0x10 .\CortexM3\ARM_GCC_541\Debug\part2b.a(Timer_1.o)
                0x0000099c                Timer_1_WritePeriod
 .text.Timer_1_ReadCapture
                0x000009ac       0x10 .\CortexM3\ARM_GCC_541\Debug\part2b.a(Timer_1.o)
                0x000009ac                Timer_1_ReadCapture
 .text.Timer_1_WriteCounter
                0x000009bc       0x10 .\CortexM3\ARM_GCC_541\Debug\part2b.a(Timer_1.o)
                0x000009bc                Timer_1_WriteCounter
 .text.Timer_1_ReadCounter
                0x000009cc       0x18 .\CortexM3\ARM_GCC_541\Debug\part2b.a(Timer_1.o)
                0x000009cc                Timer_1_ReadCounter
 .text.Timer_1_ClearFIFO
                0x000009e4       0x14 .\CortexM3\ARM_GCC_541\Debug\part2b.a(Timer_1.o)
                0x000009e4                Timer_1_ClearFIFO
 .text.Timer_1_Init
                0x000009f8       0x34 .\CortexM3\ARM_GCC_541\Debug\part2b.a(Timer_1.o)
                0x000009f8                Timer_1_Init
 .text.Timer_1_Start
                0x00000a2c       0x18 .\CortexM3\ARM_GCC_541\Debug\part2b.a(Timer_1.o)
                0x00000a2c                Timer_1_Start
 .text.Timer_1_SaveConfig
                0x00000a44       0x1c .\CortexM3\ARM_GCC_541\Debug\part2b.a(Timer_1_PM.o)
                0x00000a44                Timer_1_SaveConfig
 .text.Timer_1_RestoreConfig
                0x00000a60       0x1c .\CortexM3\ARM_GCC_541\Debug\part2b.a(Timer_1_PM.o)
                0x00000a60                Timer_1_RestoreConfig
 .text.Timer_1_Sleep
                0x00000a7c        0xc .\CortexM3\ARM_GCC_541\Debug\part2b.a(Timer_1_PM.o)
                0x00000a7c                Timer_1_Sleep
 .text.Timer_1_Wakeup
                0x00000a88        0x8 .\CortexM3\ARM_GCC_541\Debug\part2b.a(Timer_1_PM.o)
                0x00000a88                Timer_1_Wakeup
 .text.Control_Timer_Reset_Write
                0x00000a90        0xc .\CortexM3\ARM_GCC_541\Debug\part2b.a(Control_Timer_Reset.o)
                0x00000a90                Control_Timer_Reset_Write
 .text.isr_1_SetVector
                0x00000a9c        0xc .\CortexM3\ARM_GCC_541\Debug\part2b.a(isr_1.o)
                0x00000a9c                isr_1_SetVector
 .text.isr_1_SetPriority
                0x00000aa8       0x10 .\CortexM3\ARM_GCC_541\Debug\part2b.a(isr_1.o)
                0x00000aa8                isr_1_SetPriority
 .text.isr_1_Enable
                0x00000ab8        0xc .\CortexM3\ARM_GCC_541\Debug\part2b.a(isr_1.o)
                0x00000ab8                isr_1_Enable
 .text.isr_1_Disable
                0x00000ac4        0xc .\CortexM3\ARM_GCC_541\Debug\part2b.a(isr_1.o)
                0x00000ac4                isr_1_Disable
 .text.isr_1_StartEx
                0x00000ad0       0x1c .\CortexM3\ARM_GCC_541\Debug\part2b.a(isr_1.o)
                0x00000ad0                isr_1_StartEx
 .text.Counter_2_Enable
                0x00000aec       0x10 .\CortexM3\ARM_GCC_541\Debug\part2b.a(Counter_2.o)
                0x00000aec                Counter_2_Enable
 .text.Counter_2_Stop
                0x00000afc       0x10 .\CortexM3\ARM_GCC_541\Debug\part2b.a(Counter_2.o)
                0x00000afc                Counter_2_Stop
 .text.Counter_2_SetInterruptMode
                0x00000b0c        0xc .\CortexM3\ARM_GCC_541\Debug\part2b.a(Counter_2.o)
                0x00000b0c                Counter_2_SetInterruptMode
 .text.Counter_2_ReadStatusRegister
                0x00000b18        0xc .\CortexM3\ARM_GCC_541\Debug\part2b.a(Counter_2.o)
                0x00000b18                Counter_2_ReadStatusRegister
 .text.Counter_2_ReadControlRegister
                0x00000b24        0xc .\CortexM3\ARM_GCC_541\Debug\part2b.a(Counter_2.o)
                0x00000b24                Counter_2_ReadControlRegister
 .text.Counter_2_WriteControlRegister
                0x00000b30        0xc .\CortexM3\ARM_GCC_541\Debug\part2b.a(Counter_2.o)
                0x00000b30                Counter_2_WriteControlRegister
 .text.Counter_2_WriteCounter
                0x00000b3c        0xc .\CortexM3\ARM_GCC_541\Debug\part2b.a(Counter_2.o)
                0x00000b3c                Counter_2_WriteCounter
 .text.Counter_2_ReadCounter
                0x00000b48       0x14 .\CortexM3\ARM_GCC_541\Debug\part2b.a(Counter_2.o)
                0x00000b48                Counter_2_ReadCounter
 .text.Counter_2_ReadCapture
                0x00000b5c        0xc .\CortexM3\ARM_GCC_541\Debug\part2b.a(Counter_2.o)
                0x00000b5c                Counter_2_ReadCapture
 .text.Counter_2_WritePeriod
                0x00000b68        0xc .\CortexM3\ARM_GCC_541\Debug\part2b.a(Counter_2.o)
                0x00000b68                Counter_2_WritePeriod
 .text.Counter_2_WriteCompare
                0x00000b74        0xc .\CortexM3\ARM_GCC_541\Debug\part2b.a(Counter_2.o)
                0x00000b74                Counter_2_WriteCompare
 .text.Counter_2_ClearFIFO
                0x00000b80       0x14 .\CortexM3\ARM_GCC_541\Debug\part2b.a(Counter_2.o)
                0x00000b80                Counter_2_ClearFIFO
 .text.Counter_2_Init
                0x00000b94       0x54 .\CortexM3\ARM_GCC_541\Debug\part2b.a(Counter_2.o)
                0x00000b94                Counter_2_Init
 .text.Counter_2_Start
                0x00000be8       0x1c .\CortexM3\ARM_GCC_541\Debug\part2b.a(Counter_2.o)
                0x00000be8                Counter_2_Start
 .text.Counter_2_SaveConfig
                0x00000c04       0x18 .\CortexM3\ARM_GCC_541\Debug\part2b.a(Counter_2_PM.o)
                0x00000c04                Counter_2_SaveConfig
 .text.Counter_2_RestoreConfig
                0x00000c1c       0x18 .\CortexM3\ARM_GCC_541\Debug\part2b.a(Counter_2_PM.o)
                0x00000c1c                Counter_2_RestoreConfig
 .text.Counter_2_Sleep
                0x00000c34       0x2c .\CortexM3\ARM_GCC_541\Debug\part2b.a(Counter_2_PM.o)
                0x00000c34                Counter_2_Sleep
 .text.Counter_2_Wakeup
                0x00000c60       0x18 .\CortexM3\ARM_GCC_541\Debug\part2b.a(Counter_2_PM.o)
                0x00000c60                Counter_2_Wakeup
 .text.LED_Reset_Write
                0x00000c78        0xc .\CortexM3\ARM_GCC_541\Debug\part2b.a(LED_Reset.o)
                0x00000c78                LED_Reset_Write
 .text.isr_2_SetVector
                0x00000c84        0xc .\CortexM3\ARM_GCC_541\Debug\part2b.a(isr_2.o)
                0x00000c84                isr_2_SetVector
 .text.isr_2_SetPriority
                0x00000c90       0x10 .\CortexM3\ARM_GCC_541\Debug\part2b.a(isr_2.o)
                0x00000c90                isr_2_SetPriority
 .text.isr_2_Enable
                0x00000ca0        0xc .\CortexM3\ARM_GCC_541\Debug\part2b.a(isr_2.o)
                0x00000ca0                isr_2_Enable
 .text.isr_2_Disable
                0x00000cac        0xc .\CortexM3\ARM_GCC_541\Debug\part2b.a(isr_2.o)
                0x00000cac                isr_2_Disable
 .text.isr_2_StartEx
                0x00000cb8       0x1c .\CortexM3\ARM_GCC_541\Debug\part2b.a(isr_2.o)
                0x00000cb8                isr_2_StartEx
 .text.SleepTimer_1_Enable
                0x00000cd4       0x48 .\CortexM3\ARM_GCC_541\Debug\part2b.a(SleepTimer_1.o)
                0x00000cd4                SleepTimer_1_Enable
 .text.SleepTimer_1_EnableInt
                0x00000d1c       0x1c .\CortexM3\ARM_GCC_541\Debug\part2b.a(SleepTimer_1.o)
                0x00000d1c                SleepTimer_1_EnableInt
 .text.SleepTimer_1_SetInterval
                0x00000d38       0x24 .\CortexM3\ARM_GCC_541\Debug\part2b.a(SleepTimer_1.o)
                0x00000d38                SleepTimer_1_SetInterval
 .text.SleepTimer_1_Init
                0x00000d5c       0x10 .\CortexM3\ARM_GCC_541\Debug\part2b.a(SleepTimer_1.o)
                0x00000d5c                SleepTimer_1_Init
 .text.SleepTimer_1_Start
                0x00000d6c       0x1c .\CortexM3\ARM_GCC_541\Debug\part2b.a(SleepTimer_1.o)
                0x00000d6c                SleepTimer_1_Start
 .text.SleepTimer_1_GetStatus
                0x00000d88        0xc .\CortexM3\ARM_GCC_541\Debug\part2b.a(SleepTimer_1.o)
                0x00000d88                SleepTimer_1_GetStatus
 .text.CyUSB_PowerOnCheck
                0x00000d94       0x48 .\CortexM3\ARM_GCC_541\Debug\part2b.a(CyLib.o)
 .text.CyBusClk_Internal_SetDivider
                0x00000ddc       0x48 .\CortexM3\ARM_GCC_541\Debug\part2b.a(CyLib.o)
 .text.CyPLL_OUT_Stop
                0x00000e24       0x10 .\CortexM3\ARM_GCC_541\Debug\part2b.a(CyLib.o)
                0x00000e24                CyPLL_OUT_Stop
 .text.CyIMO_Stop
                0x00000e34       0x1c .\CortexM3\ARM_GCC_541\Debug\part2b.a(CyLib.o)
                0x00000e34                CyIMO_Stop
 .text.CyIMO_EnableDoubler
                0x00000e50       0x10 .\CortexM3\ARM_GCC_541\Debug\part2b.a(CyLib.o)
                0x00000e50                CyIMO_EnableDoubler
 .text.CyIMO_DisableDoubler
                0x00000e60       0x10 .\CortexM3\ARM_GCC_541\Debug\part2b.a(CyLib.o)
                0x00000e60                CyIMO_DisableDoubler
 .text.CyMasterClk_SetSource
                0x00000e70       0x18 .\CortexM3\ARM_GCC_541\Debug\part2b.a(CyLib.o)
                0x00000e70                CyMasterClk_SetSource
 .text.CyMasterClk_SetDivider
                0x00000e88        0xc .\CortexM3\ARM_GCC_541\Debug\part2b.a(CyLib.o)
                0x00000e88                CyMasterClk_SetDivider
 .text.CyBusClk_SetDivider
                0x00000e94       0x70 .\CortexM3\ARM_GCC_541\Debug\part2b.a(CyLib.o)
                0x00000e94                CyBusClk_SetDivider
 .text.CyILO_Start100K
                0x00000f04       0x10 .\CortexM3\ARM_GCC_541\Debug\part2b.a(CyLib.o)
                0x00000f04                CyILO_Start100K
 .text.CyILO_Stop100K
                0x00000f14       0x10 .\CortexM3\ARM_GCC_541\Debug\part2b.a(CyLib.o)
                0x00000f14                CyILO_Stop100K
 .text.CyPLL_OUT_Start
                0x00000f24       0x78 .\CortexM3\ARM_GCC_541\Debug\part2b.a(CyLib.o)
                0x00000f24                CyPLL_OUT_Start
 .text.CyIMO_Start
                0x00000f9c       0x60 .\CortexM3\ARM_GCC_541\Debug\part2b.a(CyLib.o)
                0x00000f9c                CyIMO_Start
 .text.CyXTAL_Start
                0x00000ffc       0xac .\CortexM3\ARM_GCC_541\Debug\part2b.a(CyLib.o)
                0x00000ffc                CyXTAL_Start
 .text.CyXTAL_Stop
                0x000010a8       0x10 .\CortexM3\ARM_GCC_541\Debug\part2b.a(CyLib.o)
                0x000010a8                CyXTAL_Stop
 .text.CyHalt   0x000010b8        0x4 .\CortexM3\ARM_GCC_541\Debug\part2b.a(CyLib.o)
                0x000010b8                CyHalt
 .text.CyIMO_SetTrimValue
                0x000010bc       0xcc .\CortexM3\ARM_GCC_541\Debug\part2b.a(CyLib.o)
 .text.CyIMO_SetFreq
                0x00001188       0xf4 .\CortexM3\ARM_GCC_541\Debug\part2b.a(CyLib.o)
                0x00001188                CyIMO_SetFreq
 .text.CyIMO_SetSource
                0x0000127c       0x58 .\CortexM3\ARM_GCC_541\Debug\part2b.a(CyLib.o)
                0x0000127c                CyIMO_SetSource
 .text.CyDelay  0x000012d4       0x2c .\CortexM3\ARM_GCC_541\Debug\part2b.a(CyLib.o)
                0x000012d4                CyDelay
 .text.CyDelayUs
                0x00001300       0x14 .\CortexM3\ARM_GCC_541\Debug\part2b.a(CyLib.o)
                0x00001300                CyDelayUs
 .text.CyPmHibSlpSaveSet
                0x00001314      0x1dc .\CortexM3\ARM_GCC_541\Debug\part2b.a(cyPm.o)
 .text.CyPmHibSlpRestore
                0x000014f0       0xd8 .\CortexM3\ARM_GCC_541\Debug\part2b.a(cyPm.o)
 .text.CyPmSaveClocks
                0x000015c8      0x218 .\CortexM3\ARM_GCC_541\Debug\part2b.a(cyPm.o)
                0x000015c8                CyPmSaveClocks
 .text.CyPmRestoreClocks
                0x000017e0      0x24c .\CortexM3\ARM_GCC_541\Debug\part2b.a(cyPm.o)
                0x000017e0                CyPmRestoreClocks
 .text.CyPmSleep
                0x00001a2c       0xf4 .\CortexM3\ARM_GCC_541\Debug\part2b.a(cyPm.o)
                0x00001a2c                CyPmSleep
 .text.CyPmReadStatus
                0x00001b20       0x30 .\CortexM3\ARM_GCC_541\Debug\part2b.a(cyPm.o)
                0x00001b20                CyPmReadStatus
 .text.CyPmFtwSetInterval
                0x00001b50       0x5c .\CortexM3\ARM_GCC_541\Debug\part2b.a(cyPm.o)
                0x00001b50                CyPmFtwSetInterval
 .text.CySetReg24
                0x00001bac       0x14 .\CortexM3\ARM_GCC_541\Debug\part2b.a(cyutils.o)
                0x00001bac                CySetReg24
 .text          0x00001bc0       0x20 .\CortexM3\ARM_GCC_541\Debug\part2b.a(CyBootAsmGnu.o)
                0x00001bc0                CyDelayCycles
                0x00001bd0                CyEnterCriticalSection
                0x00001bd8                CyExitCriticalSection
 .text.CyFlash_SetWaitCycles
                0x00001be0       0x7c .\CortexM3\ARM_GCC_541\Debug\part2b.a(CyFlash.o)
                0x00001be0                CyFlash_SetWaitCycles
 .text.__errno  0x00001c5c        0xc c:/program files (x86)/cypress/psoc creator/4.2/psoc creator/import/gnu/arm/5.4.1/bin/../lib/gcc/arm-none-eabi/5.4.1/../../../../arm-none-eabi/lib/armv7-m\libg_nano.a(lib_a-errno.o)
                0x00001c5c                __errno
 .text.__libc_init_array
                0x00001c68       0x4c c:/program files (x86)/cypress/psoc creator/4.2/psoc creator/import/gnu/arm/5.4.1/bin/../lib/gcc/arm-none-eabi/5.4.1/../../../../arm-none-eabi/lib/armv7-m\libg_nano.a(lib_a-init.o)
                0x00001c68                __libc_init_array
 .text.memcpy   0x00001cb4       0x16 c:/program files (x86)/cypress/psoc creator/4.2/psoc creator/import/gnu/arm/5.4.1/bin/../lib/gcc/arm-none-eabi/5.4.1/../../../../arm-none-eabi/lib/armv7-m\libg_nano.a(lib_a-memcpy-stub.o)
                0x00001cb4                memcpy
 .text.memset   0x00001cca       0x10 c:/program files (x86)/cypress/psoc creator/4.2/psoc creator/import/gnu/arm/5.4.1/bin/../lib/gcc/arm-none-eabi/5.4.1/../../../../arm-none-eabi/lib/armv7-m\libg_nano.a(lib_a-memset.o)
                0x00001cca                memset
 *fill*         0x00001cda        0x2 
 .text.sprintf  0x00001cdc       0x48 c:/program files (x86)/cypress/psoc creator/4.2/psoc creator/import/gnu/arm/5.4.1/bin/../lib/gcc/arm-none-eabi/5.4.1/../../../../arm-none-eabi/lib/armv7-m\libg_nano.a(lib_a-sprintf.o)
                0x00001cdc                siprintf
                0x00001cdc                sprintf
 .text.__ssputs_r
                0x00001d24       0xb2 c:/program files (x86)/cypress/psoc creator/4.2/psoc creator/import/gnu/arm/5.4.1/bin/../lib/gcc/arm-none-eabi/5.4.1/../../../../arm-none-eabi/lib/armv7-m\libg_nano.a(lib_a-nano-svfprintf.o)
                0x00001d24                __ssputs_r
 *fill*         0x00001dd6        0x2 
 .text._svfprintf_r
                0x00001dd8      0x1e8 c:/program files (x86)/cypress/psoc creator/4.2/psoc creator/import/gnu/arm/5.4.1/bin/../lib/gcc/arm-none-eabi/5.4.1/../../../../arm-none-eabi/lib/armv7-m\libg_nano.a(lib_a-nano-svfprintf.o)
                0x00001dd8                _svfiprintf_r
                0x00001dd8                _svfprintf_r
 .text._printf_common
                0x00001fc0       0xec c:/program files (x86)/cypress/psoc creator/4.2/psoc creator/import/gnu/arm/5.4.1/bin/../lib/gcc/arm-none-eabi/5.4.1/../../../../arm-none-eabi/lib/armv7-m\libg_nano.a(lib_a-nano-vfprintf_i.o)
                0x00001fc0                _printf_common
 .text._printf_i
                0x000020ac      0x24c c:/program files (x86)/cypress/psoc creator/4.2/psoc creator/import/gnu/arm/5.4.1/bin/../lib/gcc/arm-none-eabi/5.4.1/../../../../arm-none-eabi/lib/armv7-m\libg_nano.a(lib_a-nano-vfprintf_i.o)
                0x000020ac                _printf_i
 .text.memchr   0x000022f8       0x1c c:/program files (x86)/cypress/psoc creator/4.2/psoc creator/import/gnu/arm/5.4.1/bin/../lib/gcc/arm-none-eabi/5.4.1/../../../../arm-none-eabi/lib/armv7-m\libg_nano.a(lib_a-memchr-stub.o)
                0x000022f8                memchr
 .text.memmove  0x00002314       0x36 c:/program files (x86)/cypress/psoc creator/4.2/psoc creator/import/gnu/arm/5.4.1/bin/../lib/gcc/arm-none-eabi/5.4.1/../../../../arm-none-eabi/lib/armv7-m\libg_nano.a(lib_a-memmove.o)
                0x00002314                memmove
 *fill*         0x0000234a        0x2 
 .text._free_r  0x0000234c       0x98 c:/program files (x86)/cypress/psoc creator/4.2/psoc creator/import/gnu/arm/5.4.1/bin/../lib/gcc/arm-none-eabi/5.4.1/../../../../arm-none-eabi/lib/armv7-m\libg_nano.a(lib_a-nano-freer.o)
                0x0000234c                _free_r
 .text._malloc_r
                0x000023e4       0xbc c:/program files (x86)/cypress/psoc creator/4.2/psoc creator/import/gnu/arm/5.4.1/bin/../lib/gcc/arm-none-eabi/5.4.1/../../../../arm-none-eabi/lib/armv7-m\libg_nano.a(lib_a-nano-mallocr.o)
                0x000023e4                _malloc_r
 .text._realloc_r
                0x000024a0       0x4c c:/program files (x86)/cypress/psoc creator/4.2/psoc creator/import/gnu/arm/5.4.1/bin/../lib/gcc/arm-none-eabi/5.4.1/../../../../arm-none-eabi/lib/armv7-m\libg_nano.a(lib_a-nano-reallocr.o)
                0x000024a0                _realloc_r
 .text._sbrk_r  0x000024ec       0x20 c:/program files (x86)/cypress/psoc creator/4.2/psoc creator/import/gnu/arm/5.4.1/bin/../lib/gcc/arm-none-eabi/5.4.1/../../../../arm-none-eabi/lib/armv7-m\libg_nano.a(lib_a-sbrkr.o)
                0x000024ec                _sbrk_r
 .text.__malloc_lock
                0x0000250c        0x2 c:/program files (x86)/cypress/psoc creator/4.2/psoc creator/import/gnu/arm/5.4.1/bin/../lib/gcc/arm-none-eabi/5.4.1/../../../../arm-none-eabi/lib/armv7-m\libg_nano.a(lib_a-mlock.o)
                0x0000250c                __malloc_lock
 .text.__malloc_unlock
                0x0000250e        0x2 c:/program files (x86)/cypress/psoc creator/4.2/psoc creator/import/gnu/arm/5.4.1/bin/../lib/gcc/arm-none-eabi/5.4.1/../../../../arm-none-eabi/lib/armv7-m\libg_nano.a(lib_a-mlock.o)
                0x0000250e                __malloc_unlock
 .text._malloc_usable_size_r
                0x00002510       0x14 c:/program files (x86)/cypress/psoc creator/4.2/psoc creator/import/gnu/arm/5.4.1/bin/../lib/gcc/arm-none-eabi/5.4.1/../../../../arm-none-eabi/lib/armv7-m\libg_nano.a(lib_a-nano-msizer.o)
                0x00002510                _malloc_usable_size_r
 *(.plt)
 *(.gnu.warning)
 *(.glue_7t)
 .glue_7t       0x00002524        0x0 linker stubs
 *(.glue_7)
 .glue_7        0x00002524        0x0 linker stubs
 *(.vfp11_veneer)
 .vfp11_veneer  0x00002524        0x0 linker stubs
 *(.bootloader)
 *(.ARM.extab* .gnu.linkonce.armextab.*)
 *(.gcc_except_table)

.v4_bx          0x00002524        0x0
 .v4_bx         0x00002524        0x0 linker stubs

.iplt           0x00002524        0x0
 .iplt          0x00002524        0x0 c:/program files (x86)/cypress/psoc creator/4.2/psoc creator/import/gnu/arm/5.4.1/bin/../lib/gcc/arm-none-eabi/5.4.1/armv7-m/crtbegin.o

.eh_frame_hdr
 *(.eh_frame_hdr)

.eh_frame       0x00002524        0x4
 *(.eh_frame)
 .eh_frame      0x00002524        0x0 c:/program files (x86)/cypress/psoc creator/4.2/psoc creator/import/gnu/arm/5.4.1/bin/../lib/gcc/arm-none-eabi/5.4.1/armv7-m/crtbegin.o
 .eh_frame      0x00002524        0x4 c:/program files (x86)/cypress/psoc creator/4.2/psoc creator/import/gnu/arm/5.4.1/bin/../lib/gcc/arm-none-eabi/5.4.1/armv7-m/crtend.o
                [!provide]                PROVIDE (__exidx_start, .)

.ARM.exidx
 *(.ARM.exidx* .gnu.linkonce.armexidx.*)
                0x00002528                __exidx_end = .

.rodata         0x00002528       0xd8
 *(.rodata .rodata.* .gnu.linkonce.r.*)
 .rodata.str1.4
                0x00002528       0x2c .\CortexM3\ARM_GCC_541\Debug\main.o
                                 0x2a (size before relaxing)
 .rodata        0x00002554       0x30 .\CortexM3\ARM_GCC_541\Debug\cyfitter_cfg.o
 .rodata        0x00002584        0xf .\CortexM3\ARM_GCC_541\Debug\part2b.a(cyPm.o)
 .rodata.str1.1
                0x00002593        0x2 c:/program files (x86)/cypress/psoc creator/4.2/psoc creator/import/gnu/arm/5.4.1/bin/../lib/gcc/arm-none-eabi/5.4.1/../../../../arm-none-eabi/lib/armv7-m\libg_nano.a(lib_a-impure.o)
 .rodata.str1.1
                0x00002595       0x11 c:/program files (x86)/cypress/psoc creator/4.2/psoc creator/import/gnu/arm/5.4.1/bin/../lib/gcc/arm-none-eabi/5.4.1/../../../../arm-none-eabi/lib/armv7-m\libg_nano.a(lib_a-nano-svfprintf.o)
 .rodata.str1.1
                0x000025a6       0x22 c:/program files (x86)/cypress/psoc creator/4.2/psoc creator/import/gnu/arm/5.4.1/bin/../lib/gcc/arm-none-eabi/5.4.1/../../../../arm-none-eabi/lib/armv7-m\libg_nano.a(lib_a-nano-vfprintf_i.o)
                0x000025c8                . = ALIGN (0x4)
 *(.init)
 .init          0x000025c8        0x4 c:/program files (x86)/cypress/psoc creator/4.2/psoc creator/import/gnu/arm/5.4.1/bin/../lib/gcc/arm-none-eabi/5.4.1/armv7-m/crti.o
                0x000025c8                _init
 .init          0x000025cc        0x8 c:/program files (x86)/cypress/psoc creator/4.2/psoc creator/import/gnu/arm/5.4.1/bin/../lib/gcc/arm-none-eabi/5.4.1/armv7-m/crtn.o
                0x000025d4                . = ALIGN (0x4)
                0x000025d4                __preinit_array_start = .
 *(.preinit_array)
                0x000025d4                __preinit_array_end = .
                0x000025d4                . = ALIGN (0x4)
                0x000025d4                __init_array_start = .
 *(SORT(.init_array.*))
 *(.init_array)
 .init_array    0x000025d4        0x4 c:/program files (x86)/cypress/psoc creator/4.2/psoc creator/import/gnu/arm/5.4.1/bin/../lib/gcc/arm-none-eabi/5.4.1/armv7-m/crtbegin.o
 .init_array    0x000025d8        0x4 .\CortexM3\ARM_GCC_541\Debug\Cm3Start.o
                0x000025dc                __init_array_end = .
                0x000025dc                . = ALIGN (0x4)
 *(.fini)
 .fini          0x000025dc        0x4 c:/program files (x86)/cypress/psoc creator/4.2/psoc creator/import/gnu/arm/5.4.1/bin/../lib/gcc/arm-none-eabi/5.4.1/armv7-m/crti.o
                0x000025dc                _fini
 .fini          0x000025e0        0x8 c:/program files (x86)/cypress/psoc creator/4.2/psoc creator/import/gnu/arm/5.4.1/bin/../lib/gcc/arm-none-eabi/5.4.1/armv7-m/crtn.o
                0x000025e8                . = ALIGN (0x4)
                0x000025e8                __fini_array_start = .
 *(.fini_array)
 .fini_array    0x000025e8        0x4 c:/program files (x86)/cypress/psoc creator/4.2/psoc creator/import/gnu/arm/5.4.1/bin/../lib/gcc/arm-none-eabi/5.4.1/armv7-m/crtbegin.o
 *(SORT(.fini_array.*))
                0x000025ec                __fini_array_end = .
                0x000025ec                . = ALIGN (0x4)
 *crtbegin.o(.ctors)
 *(EXCLUDE_FILE(*crtend.o) .ctors)
 *(SORT(.ctors.*))
 *crtend.o(.ctors)
                0x000025ec                . = ALIGN (0x4)
 *crtbegin.o(.dtors)
 *(EXCLUDE_FILE(*crtend.o) .dtors)
 *(SORT(.dtors.*))
 *crtend.o(.dtors)
                0x000025ec                . = ALIGN (0x4)
                0x000025ec                __cy_regions = .
                0x000025ec        0x4 LONG 0x2600 __cy_region_init_ram
                0x000025f0        0x4 LONG 0x1fff80c8 __cy_region_start_data
                0x000025f4        0x4 LONG 0x80 __cy_region_init_size_ram
                0x000025f8        0x4 LONG 0x90 __cy_region_zero_size_ram
                0x000025fc                __cy_regions_end = .
                0x00002600                . = ALIGN (0x8)
 *fill*         0x000025fc        0x4 
                0x00002600                _etext = .

.cy_checksum_exclude
                0x00002600        0x0
 *(.cy_checksum_exclude)

.ramvectors     0x1fff8000       0xc0
                0x1fff8000                __cy_region_start_ram = .
 *(.ramvectors)
 .ramvectors    0x1fff8000       0xc0 .\CortexM3\ARM_GCC_541\Debug\Cm3Start.o
                0x1fff8000                CyRamVectors

.noinit         0x1fff80c0        0x1
 *(.noinit)
 .noinit        0x1fff80c0        0x1 .\CortexM3\ARM_GCC_541\Debug\part2b.a(CyLib.o)
                0x1fff80c0                CyResetStatus

.data           0x1fff80c8       0x80 load address 0x00002600
                0x1fff80c8                __cy_region_start_data = .
 *(.jcr)
 .jcr           0x1fff80c8        0x0 c:/program files (x86)/cypress/psoc creator/4.2/psoc creator/import/gnu/arm/5.4.1/bin/../lib/gcc/arm-none-eabi/5.4.1/armv7-m/crtbegin.o
 .jcr           0x1fff80c8        0x4 c:/program files (x86)/cypress/psoc creator/4.2/psoc creator/import/gnu/arm/5.4.1/bin/../lib/gcc/arm-none-eabi/5.4.1/armv7-m/crtend.o
 *(.got.plt)
 *(.got)
 *(.shdata)
 *(.data .data.* .gnu.linkonce.d.*)
 .data          0x1fff80cc        0x4 .\CortexM3\ARM_GCC_541\Debug\Cm3Start.o
 .data          0x1fff80d0       0x10 .\CortexM3\ARM_GCC_541\Debug\part2b.a(CyLib.o)
                0x1fff80d0                cydelay_32k_ms
                0x1fff80d4                cydelay_freq_khz
                0x1fff80d8                cydelay_freq_mhz
                0x1fff80dc                cydelay_freq_hz
 .data.impure_data
                0x1fff80e0       0x60 c:/program files (x86)/cypress/psoc creator/4.2/psoc creator/import/gnu/arm/5.4.1/bin/../lib/gcc/arm-none-eabi/5.4.1/../../../../arm-none-eabi/lib/armv7-m\libg_nano.a(lib_a-impure.o)
 .data._impure_ptr
                0x1fff8140        0x4 c:/program files (x86)/cypress/psoc creator/4.2/psoc creator/import/gnu/arm/5.4.1/bin/../lib/gcc/arm-none-eabi/5.4.1/../../../../arm-none-eabi/lib/armv7-m\libg_nano.a(lib_a-impure.o)
                0x1fff8140                _impure_ptr
                0x1fff8148                . = ALIGN (0x8)
 *fill*         0x1fff8144        0x4 
 *(.ram)
                0x1fff8148                _edata = .

.igot.plt       0x1fff8148        0x0 load address 0x00002680
 .igot.plt      0x1fff8148        0x0 c:/program files (x86)/cypress/psoc creator/4.2/psoc creator/import/gnu/arm/5.4.1/bin/../lib/gcc/arm-none-eabi/5.4.1/armv7-m/crtbegin.o

.bss            0x1fff8148       0x90 load address 0x00002680
                0x1fff8148                PROVIDE (__bss_start__, .)
 *(.shbss)
 *(.bss .bss.* .gnu.linkonce.b.*)
 .bss           0x1fff8148       0x1c c:/program files (x86)/cypress/psoc creator/4.2/psoc creator/import/gnu/arm/5.4.1/bin/../lib/gcc/arm-none-eabi/5.4.1/armv7-m/crtbegin.o
 .bss           0x1fff8164        0x4 .\CortexM3\ARM_GCC_541\Debug\main.o
                0x1fff8164                timerGlobal
                0x1fff8166                intFlag
 .bss           0x1fff8168        0x1 .\CortexM3\ARM_GCC_541\Debug\part2b.a(Counter_1.o)
                0x1fff8168                Counter_1_initVar
 *fill*         0x1fff8169        0x3 
 .bss           0x1fff816c        0x3 .\CortexM3\ARM_GCC_541\Debug\part2b.a(Counter_1_PM.o)
 .bss           0x1fff816f        0x2 .\CortexM3\ARM_GCC_541\Debug\part2b.a(LCD_Char_1.o)
                0x1fff816f                LCD_Char_1_enableState
                0x1fff8170                LCD_Char_1_initVar
 .bss           0x1fff8171        0x1 .\CortexM3\ARM_GCC_541\Debug\part2b.a(Timer_1.o)
                0x1fff8171                Timer_1_initVar
 *fill*         0x1fff8172        0x2 
 .bss           0x1fff8174        0xc .\CortexM3\ARM_GCC_541\Debug\part2b.a(Timer_1_PM.o)
 .bss           0x1fff8180        0x1 .\CortexM3\ARM_GCC_541\Debug\part2b.a(Counter_2.o)
                0x1fff8180                Counter_2_initVar
 *fill*         0x1fff8181        0x3 
 .bss           0x1fff8184        0x3 .\CortexM3\ARM_GCC_541\Debug\part2b.a(Counter_2_PM.o)
 .bss           0x1fff8187        0x1 .\CortexM3\ARM_GCC_541\Debug\part2b.a(SleepTimer_1.o)
                0x1fff8187                SleepTimer_1_initVar
 .bss           0x1fff8188       0x43 .\CortexM3\ARM_GCC_541\Debug\part2b.a(cyPm.o)
 *fill*         0x1fff81cb        0x1 
 .bss.__malloc_sbrk_start
                0x1fff81cc        0x4 c:/program files (x86)/cypress/psoc creator/4.2/psoc creator/import/gnu/arm/5.4.1/bin/../lib/gcc/arm-none-eabi/5.4.1/../../../../arm-none-eabi/lib/armv7-m\libg_nano.a(lib_a-nano-mallocr.o)
                0x1fff81cc                __malloc_sbrk_start
 .bss.__malloc_free_list
                0x1fff81d0        0x4 c:/program files (x86)/cypress/psoc creator/4.2/psoc creator/import/gnu/arm/5.4.1/bin/../lib/gcc/arm-none-eabi/5.4.1/../../../../arm-none-eabi/lib/armv7-m\libg_nano.a(lib_a-nano-mallocr.o)
                0x1fff81d0                __malloc_free_list
 *(COMMON)
 COMMON         0x1fff81d4        0x4 c:/program files (x86)/cypress/psoc creator/4.2/psoc creator/import/gnu/arm/5.4.1/bin/../lib/gcc/arm-none-eabi/5.4.1/../../../../arm-none-eabi/lib/armv7-m\libg_nano.a(lib_a-reent.o)
                0x1fff81d4                errno
                0x1fff81d8                . = ALIGN (0x8)
 *(.ram.b)
                0x1fff81d8                _end = .
                0x1fff81d8                __end = .
                0x1fff81d8                PROVIDE (end, .)
                0x1fff81d8                PROVIDE (__bss_end__, .)
                0x00002600                __cy_region_init_ram = LOADADDR (.data)
                0x00000080                __cy_region_init_size_ram = (_edata - ADDR (.data))
                0x00000090                __cy_region_zero_size_ram = (_end - _edata)

.heap           0x1fff81d8       0x80 load address 0x00002680
                0x1fff81d8                . = _end
                0x1fff8258                . = (. + 0x80)
 *fill*         0x1fff81d8       0x80 
                0x1fff8258                __cy_heap_limit = .

.stack          0x20007800      0x800
                0x20007800                __cy_stack_limit = .
                0x20008000                . = (. + 0x800)
 *fill*         0x20007800      0x800 
                0x00000001                ASSERT ((__cy_stack_limit >= __cy_heap_limit), region RAM overflowed with stack)
                0x00000000                cy_checksum_exclude_size = (CY_APPL_LOADABLE == 0x1)?SIZEOF (.cy_checksum_exclude):0x0
                0x00000001                ASSERT ((cy_checksum_exclude_size <= CY_CHECKSUM_EXCLUDE_SIZE), CY_BOOT: Section .cy_checksum_exclude size exceedes specified limit.)

.cyloadermeta
 *(.cyloadermeta)

.cyloadablemeta
 *(.cyloadablemeta)

.cyconfigecc    0x80000000      0x3b0
 *(.cyconfigecc)
 .cyconfigecc   0x80000000      0x3b0 .\CortexM3\ARM_GCC_541\Debug\cymetadata.o
                0x80000000                cy_meta_configecc

.cycustnvl      0x90000000        0x4
 *(.cycustnvl)
 .cycustnvl     0x90000000        0x4 .\CortexM3\ARM_GCC_541\Debug\cymetadata.o
                0x90000000                cy_meta_custnvl

.cywolatch      0x90100000        0x4
 *(.cywolatch)
 .cywolatch     0x90100000        0x4 .\CortexM3\ARM_GCC_541\Debug\cymetadata.o
                0x90100000                cy_meta_wonvl

.cyeeprom       0x90200000        0x0
 *(.cyeeprom)
                0x00000001                ASSERT ((. <= ((0x90200000 + ee_offset) + ee_size)), .cyeeprom data will not fit in EEPROM)

.cyflashprotect
                0x90400000      0x100
 *(.cyflashprotect)
 .cyflashprotect
                0x90400000      0x100 .\CortexM3\ARM_GCC_541\Debug\cymetadata.o
                0x90400000                cy_meta_flashprotect

.cymeta         0x90500000        0xc
 *(.cymeta)
 .cymeta        0x90500000        0xc .\CortexM3\ARM_GCC_541\Debug\cymetadata.o
                0x90500000                cy_metadata

.rel.dyn        0x00002680        0x0 load address 0x9050000c
 .rel.iplt      0x00002680        0x0 c:/program files (x86)/cypress/psoc creator/4.2/psoc creator/import/gnu/arm/5.4.1/bin/../lib/gcc/arm-none-eabi/5.4.1/armv7-m/crtbegin.o

.stab
 *(.stab)

.stabstr
 *(.stabstr)

.debug
 *(.debug)

.line
 *(.line)

.debug_srcinfo
 *(.debug_srcinfo)

.debug_sfnames
 *(.debug_sfnames)

.debug_aranges  0x00000000      0xa50
 *(.debug_aranges)
 .debug_aranges
                0x00000000       0x30 .\CortexM3\ARM_GCC_541\Debug\main.o
 .debug_aranges
                0x00000030       0x58 .\CortexM3\ARM_GCC_541\Debug\cyfitter_cfg.o
 .debug_aranges
                0x00000088       0x18 .\CortexM3\ARM_GCC_541\Debug\cymetadata.o
 .debug_aranges
                0x000000a0       0x48 .\CortexM3\ARM_GCC_541\Debug\Cm3Start.o
 .debug_aranges
                0x000000e8       0x28 .\CortexM3\ARM_GCC_541\Debug\part2b.a(Control_Reg_1.o)
 .debug_aranges
                0x00000110       0x98 .\CortexM3\ARM_GCC_541\Debug\part2b.a(Counter_1.o)
 .debug_aranges
                0x000001a8       0x38 .\CortexM3\ARM_GCC_541\Debug\part2b.a(Counter_1_PM.o)
 .debug_aranges
                0x000001e0       0x28 .\CortexM3\ARM_GCC_541\Debug\part2b.a(Control_Reset.o)
 .debug_aranges
                0x00000208       0x98 .\CortexM3\ARM_GCC_541\Debug\part2b.a(LCD_Char_1.o)
 .debug_aranges
                0x000002a0       0x80 .\CortexM3\ARM_GCC_541\Debug\part2b.a(Timer_1.o)
 .debug_aranges
                0x00000320       0x38 .\CortexM3\ARM_GCC_541\Debug\part2b.a(Timer_1_PM.o)
 .debug_aranges
                0x00000358       0x28 .\CortexM3\ARM_GCC_541\Debug\part2b.a(Control_Timer_Reset.o)
 .debug_aranges
                0x00000380       0x80 .\CortexM3\ARM_GCC_541\Debug\part2b.a(isr_1.o)
 .debug_aranges
                0x00000400       0x98 .\CortexM3\ARM_GCC_541\Debug\part2b.a(Counter_2.o)
 .debug_aranges
                0x00000498       0x38 .\CortexM3\ARM_GCC_541\Debug\part2b.a(Counter_2_PM.o)
 .debug_aranges
                0x000004d0       0x28 .\CortexM3\ARM_GCC_541\Debug\part2b.a(LED_Reset.o)
 .debug_aranges
                0x000004f8       0x80 .\CortexM3\ARM_GCC_541\Debug\part2b.a(isr_2.o)
 .debug_aranges
                0x00000578       0x58 .\CortexM3\ARM_GCC_541\Debug\part2b.a(SleepTimer_1.o)
 .debug_aranges
                0x000005d0      0x2a0 .\CortexM3\ARM_GCC_541\Debug\part2b.a(CyLib.o)
 .debug_aranges
                0x00000870       0x98 .\CortexM3\ARM_GCC_541\Debug\part2b.a(cyPm.o)
 .debug_aranges
                0x00000908       0x20 .\CortexM3\ARM_GCC_541\Debug\part2b.a(cyutils.o)
 .debug_aranges
                0x00000928       0x20 .\CortexM3\ARM_GCC_541\Debug\part2b.a(CyBootAsmGnu.o)
 .debug_aranges
                0x00000948       0x88 .\CortexM3\ARM_GCC_541\Debug\part2b.a(CyFlash.o)
 .debug_aranges
                0x000009d0       0x80 .\CortexM3\ARM_GCC_541\Debug\part2b.a(CySpc.o)

.debug_pubnames
 *(.debug_pubnames)

.debug_info     0x00000000     0x5ba3
 *(.debug_info .gnu.linkonce.wi.*)
 .debug_info    0x00000000      0x5f3 .\CortexM3\ARM_GCC_541\Debug\main.o
 .debug_info    0x000005f3      0x4da .\CortexM3\ARM_GCC_541\Debug\cyfitter_cfg.o
 .debug_info    0x00000acd      0x135 .\CortexM3\ARM_GCC_541\Debug\cymetadata.o
 .debug_info    0x00000c02      0x3bb .\CortexM3\ARM_GCC_541\Debug\Cm3Start.o
 .debug_info    0x00000fbd       0xd6 .\CortexM3\ARM_GCC_541\Debug\part2b.a(Control_Reg_1.o)
 .debug_info    0x00001093      0x325 .\CortexM3\ARM_GCC_541\Debug\part2b.a(Counter_1.o)
 .debug_info    0x000013b8      0x1d7 .\CortexM3\ARM_GCC_541\Debug\part2b.a(Counter_1_PM.o)
 .debug_info    0x0000158f       0xd6 .\CortexM3\ARM_GCC_541\Debug\part2b.a(Control_Reset.o)
 .debug_info    0x00001665      0x715 .\CortexM3\ARM_GCC_541\Debug\part2b.a(LCD_Char_1.o)
 .debug_info    0x00001d7a      0x2f4 .\CortexM3\ARM_GCC_541\Debug\part2b.a(Timer_1.o)
 .debug_info    0x0000206e      0x1a7 .\CortexM3\ARM_GCC_541\Debug\part2b.a(Timer_1_PM.o)
 .debug_info    0x00002215       0xd6 .\CortexM3\ARM_GCC_541\Debug\part2b.a(Control_Timer_Reset.o)
 .debug_info    0x000022eb      0x2d2 .\CortexM3\ARM_GCC_541\Debug\part2b.a(isr_1.o)
 .debug_info    0x000025bd      0x325 .\CortexM3\ARM_GCC_541\Debug\part2b.a(Counter_2.o)
 .debug_info    0x000028e2      0x1d7 .\CortexM3\ARM_GCC_541\Debug\part2b.a(Counter_2_PM.o)
 .debug_info    0x00002ab9       0xd6 .\CortexM3\ARM_GCC_541\Debug\part2b.a(LED_Reset.o)
 .debug_info    0x00002b8f      0x2d2 .\CortexM3\ARM_GCC_541\Debug\part2b.a(isr_2.o)
 .debug_info    0x00002e61      0x277 .\CortexM3\ARM_GCC_541\Debug\part2b.a(SleepTimer_1.o)
 .debug_info    0x000030d8     0x1374 .\CortexM3\ARM_GCC_541\Debug\part2b.a(CyLib.o)
 .debug_info    0x0000444c      0xa2a .\CortexM3\ARM_GCC_541\Debug\part2b.a(cyPm.o)
 .debug_info    0x00004e76       0xee .\CortexM3\ARM_GCC_541\Debug\part2b.a(cyutils.o)
 .debug_info    0x00004f64       0xa2 .\CortexM3\ARM_GCC_541\Debug\part2b.a(CyBootAsmGnu.o)
 .debug_info    0x00005006      0x64d .\CortexM3\ARM_GCC_541\Debug\part2b.a(CyFlash.o)
 .debug_info    0x00005653      0x550 .\CortexM3\ARM_GCC_541\Debug\part2b.a(CySpc.o)

.debug_abbrev   0x00000000     0x1a06
 *(.debug_abbrev)
 .debug_abbrev  0x00000000      0x123 .\CortexM3\ARM_GCC_541\Debug\main.o
 .debug_abbrev  0x00000123      0x1fe .\CortexM3\ARM_GCC_541\Debug\cyfitter_cfg.o
 .debug_abbrev  0x00000321       0x66 .\CortexM3\ARM_GCC_541\Debug\cymetadata.o
 .debug_abbrev  0x00000387      0x1e8 .\CortexM3\ARM_GCC_541\Debug\Cm3Start.o
 .debug_abbrev  0x0000056f       0x81 .\CortexM3\ARM_GCC_541\Debug\part2b.a(Control_Reg_1.o)
 .debug_abbrev  0x000005f0      0x117 .\CortexM3\ARM_GCC_541\Debug\part2b.a(Counter_1.o)
 .debug_abbrev  0x00000707       0xac .\CortexM3\ARM_GCC_541\Debug\part2b.a(Counter_1_PM.o)
 .debug_abbrev  0x000007b3       0x81 .\CortexM3\ARM_GCC_541\Debug\part2b.a(Control_Reset.o)
 .debug_abbrev  0x00000834      0x157 .\CortexM3\ARM_GCC_541\Debug\part2b.a(LCD_Char_1.o)
 .debug_abbrev  0x0000098b      0x14b .\CortexM3\ARM_GCC_541\Debug\part2b.a(Timer_1.o)
 .debug_abbrev  0x00000ad6       0xac .\CortexM3\ARM_GCC_541\Debug\part2b.a(Timer_1_PM.o)
 .debug_abbrev  0x00000b82       0x81 .\CortexM3\ARM_GCC_541\Debug\part2b.a(Control_Timer_Reset.o)
 .debug_abbrev  0x00000c03      0x173 .\CortexM3\ARM_GCC_541\Debug\part2b.a(isr_1.o)
 .debug_abbrev  0x00000d76      0x117 .\CortexM3\ARM_GCC_541\Debug\part2b.a(Counter_2.o)
 .debug_abbrev  0x00000e8d       0xac .\CortexM3\ARM_GCC_541\Debug\part2b.a(Counter_2_PM.o)
 .debug_abbrev  0x00000f39       0x81 .\CortexM3\ARM_GCC_541\Debug\part2b.a(LED_Reset.o)
 .debug_abbrev  0x00000fba      0x173 .\CortexM3\ARM_GCC_541\Debug\part2b.a(isr_2.o)
 .debug_abbrev  0x0000112d       0xfd .\CortexM3\ARM_GCC_541\Debug\part2b.a(SleepTimer_1.o)
 .debug_abbrev  0x0000122a      0x254 .\CortexM3\ARM_GCC_541\Debug\part2b.a(CyLib.o)
 .debug_abbrev  0x0000147e      0x1ab .\CortexM3\ARM_GCC_541\Debug\part2b.a(cyPm.o)
 .debug_abbrev  0x00001629       0x8e .\CortexM3\ARM_GCC_541\Debug\part2b.a(cyutils.o)
 .debug_abbrev  0x000016b7       0x14 .\CortexM3\ARM_GCC_541\Debug\part2b.a(CyBootAsmGnu.o)
 .debug_abbrev  0x000016cb      0x1a7 .\CortexM3\ARM_GCC_541\Debug\part2b.a(CyFlash.o)
 .debug_abbrev  0x00001872      0x194 .\CortexM3\ARM_GCC_541\Debug\part2b.a(CySpc.o)

.debug_line     0x00000000     0x2675
 *(.debug_line)
 .debug_line    0x00000000      0x2e4 .\CortexM3\ARM_GCC_541\Debug\main.o
 .debug_line    0x000002e4      0x1dd .\CortexM3\ARM_GCC_541\Debug\cyfitter_cfg.o
 .debug_line    0x000004c1      0x141 .\CortexM3\ARM_GCC_541\Debug\cymetadata.o
 .debug_line    0x00000602      0x234 .\CortexM3\ARM_GCC_541\Debug\Cm3Start.o
 .debug_line    0x00000836       0x75 .\CortexM3\ARM_GCC_541\Debug\part2b.a(Control_Reg_1.o)
 .debug_line    0x000008ab      0x189 .\CortexM3\ARM_GCC_541\Debug\part2b.a(Counter_1.o)
 .debug_line    0x00000a34       0xaf .\CortexM3\ARM_GCC_541\Debug\part2b.a(Counter_1_PM.o)
 .debug_line    0x00000ae3       0x75 .\CortexM3\ARM_GCC_541\Debug\part2b.a(Control_Reset.o)
 .debug_line    0x00000b58      0x1e3 .\CortexM3\ARM_GCC_541\Debug\part2b.a(LCD_Char_1.o)
 .debug_line    0x00000d3b      0x14a .\CortexM3\ARM_GCC_541\Debug\part2b.a(Timer_1.o)
 .debug_line    0x00000e85       0xa6 .\CortexM3\ARM_GCC_541\Debug\part2b.a(Timer_1_PM.o)
 .debug_line    0x00000f2b       0x7b .\CortexM3\ARM_GCC_541\Debug\part2b.a(Control_Timer_Reset.o)
 .debug_line    0x00000fa6      0x132 .\CortexM3\ARM_GCC_541\Debug\part2b.a(isr_1.o)
 .debug_line    0x000010d8      0x189 .\CortexM3\ARM_GCC_541\Debug\part2b.a(Counter_2.o)
 .debug_line    0x00001261       0xaf .\CortexM3\ARM_GCC_541\Debug\part2b.a(Counter_2_PM.o)
 .debug_line    0x00001310       0x71 .\CortexM3\ARM_GCC_541\Debug\part2b.a(LED_Reset.o)
 .debug_line    0x00001381      0x132 .\CortexM3\ARM_GCC_541\Debug\part2b.a(isr_2.o)
 .debug_line    0x000014b3      0x105 .\CortexM3\ARM_GCC_541\Debug\part2b.a(SleepTimer_1.o)
 .debug_line    0x000015b8      0x816 .\CortexM3\ARM_GCC_541\Debug\part2b.a(CyLib.o)
 .debug_line    0x00001dce      0x367 .\CortexM3\ARM_GCC_541\Debug\part2b.a(cyPm.o)
 .debug_line    0x00002135       0x60 .\CortexM3\ARM_GCC_541\Debug\part2b.a(cyutils.o)
 .debug_line    0x00002195       0x66 .\CortexM3\ARM_GCC_541\Debug\part2b.a(CyBootAsmGnu.o)
 .debug_line    0x000021fb      0x21a .\CortexM3\ARM_GCC_541\Debug\part2b.a(CyFlash.o)
 .debug_line    0x00002415      0x260 .\CortexM3\ARM_GCC_541\Debug\part2b.a(CySpc.o)

.debug_frame    0x00000000     0x1ce4
 *(.debug_frame)
 .debug_frame   0x00000000       0x68 .\CortexM3\ARM_GCC_541\Debug\main.o
 .debug_frame   0x00000068       0xe4 .\CortexM3\ARM_GCC_541\Debug\cyfitter_cfg.o
 .debug_frame   0x0000014c       0xb8 .\CortexM3\ARM_GCC_541\Debug\Cm3Start.o
 .debug_frame   0x00000204       0x30 .\CortexM3\ARM_GCC_541\Debug\part2b.a(Control_Reg_1.o)
 .debug_frame   0x00000234      0x134 .\CortexM3\ARM_GCC_541\Debug\part2b.a(Counter_1.o)
 .debug_frame   0x00000368       0x80 .\CortexM3\ARM_GCC_541\Debug\part2b.a(Counter_1_PM.o)
 .debug_frame   0x000003e8       0x30 .\CortexM3\ARM_GCC_541\Debug\part2b.a(Control_Reset.o)
 .debug_frame   0x00000418      0x1e8 .\CortexM3\ARM_GCC_541\Debug\part2b.a(LCD_Char_1.o)
 .debug_frame   0x00000600      0x11c .\CortexM3\ARM_GCC_541\Debug\part2b.a(Timer_1.o)
 .debug_frame   0x0000071c       0x80 .\CortexM3\ARM_GCC_541\Debug\part2b.a(Timer_1_PM.o)
 .debug_frame   0x0000079c       0x30 .\CortexM3\ARM_GCC_541\Debug\part2b.a(Control_Timer_Reset.o)
 .debug_frame   0x000007cc      0x104 .\CortexM3\ARM_GCC_541\Debug\part2b.a(isr_1.o)
 .debug_frame   0x000008d0      0x134 .\CortexM3\ARM_GCC_541\Debug\part2b.a(Counter_2.o)
 .debug_frame   0x00000a04       0x80 .\CortexM3\ARM_GCC_541\Debug\part2b.a(Counter_2_PM.o)
 .debug_frame   0x00000a84       0x30 .\CortexM3\ARM_GCC_541\Debug\part2b.a(LED_Reset.o)
 .debug_frame   0x00000ab4      0x104 .\CortexM3\ARM_GCC_541\Debug\part2b.a(isr_2.o)
 .debug_frame   0x00000bb8       0xe4 .\CortexM3\ARM_GCC_541\Debug\part2b.a(SleepTimer_1.o)
 .debug_frame   0x00000c9c      0x738 .\CortexM3\ARM_GCC_541\Debug\part2b.a(CyLib.o)
 .debug_frame   0x000013d4      0x1f8 .\CortexM3\ARM_GCC_541\Debug\part2b.a(cyPm.o)
 .debug_frame   0x000015cc       0x20 .\CortexM3\ARM_GCC_541\Debug\part2b.a(cyutils.o)
 .debug_frame   0x000015ec      0x194 .\CortexM3\ARM_GCC_541\Debug\part2b.a(CyFlash.o)
 .debug_frame   0x00001780      0x180 .\CortexM3\ARM_GCC_541\Debug\part2b.a(CySpc.o)
 .debug_frame   0x00001900       0x20 c:/program files (x86)/cypress/psoc creator/4.2/psoc creator/import/gnu/arm/5.4.1/bin/../lib/gcc/arm-none-eabi/5.4.1/../../../../arm-none-eabi/lib/armv7-m\libg_nano.a(lib_a-errno.o)
 .debug_frame   0x00001920       0x28 c:/program files (x86)/cypress/psoc creator/4.2/psoc creator/import/gnu/arm/5.4.1/bin/../lib/gcc/arm-none-eabi/5.4.1/../../../../arm-none-eabi/lib/armv7-m\libg_nano.a(lib_a-exit.o)
 .debug_frame   0x00001948       0x2c c:/program files (x86)/cypress/psoc creator/4.2/psoc creator/import/gnu/arm/5.4.1/bin/../lib/gcc/arm-none-eabi/5.4.1/../../../../arm-none-eabi/lib/armv7-m\libg_nano.a(lib_a-init.o)
 .debug_frame   0x00001974       0x28 c:/program files (x86)/cypress/psoc creator/4.2/psoc creator/import/gnu/arm/5.4.1/bin/../lib/gcc/arm-none-eabi/5.4.1/../../../../arm-none-eabi/lib/armv7-m\libg_nano.a(lib_a-memcpy-stub.o)
 .debug_frame   0x0000199c       0x20 c:/program files (x86)/cypress/psoc creator/4.2/psoc creator/import/gnu/arm/5.4.1/bin/../lib/gcc/arm-none-eabi/5.4.1/../../../../arm-none-eabi/lib/armv7-m\libg_nano.a(lib_a-memset.o)
 .debug_frame   0x000019bc       0x70 c:/program files (x86)/cypress/psoc creator/4.2/psoc creator/import/gnu/arm/5.4.1/bin/../lib/gcc/arm-none-eabi/5.4.1/../../../../arm-none-eabi/lib/armv7-m\libg_nano.a(lib_a-sprintf.o)
 .debug_frame   0x00001a2c       0x90 c:/program files (x86)/cypress/psoc creator/4.2/psoc creator/import/gnu/arm/5.4.1/bin/../lib/gcc/arm-none-eabi/5.4.1/../../../../arm-none-eabi/lib/armv7-m\libg_nano.a(lib_a-nano-svfprintf.o)
 .debug_frame   0x00001abc       0x60 c:/program files (x86)/cypress/psoc creator/4.2/psoc creator/import/gnu/arm/5.4.1/bin/../lib/gcc/arm-none-eabi/5.4.1/../../../../arm-none-eabi/lib/armv7-m\libg_nano.a(lib_a-nano-vfprintf_i.o)
 .debug_frame   0x00001b1c       0x28 c:/program files (x86)/cypress/psoc creator/4.2/psoc creator/import/gnu/arm/5.4.1/bin/../lib/gcc/arm-none-eabi/5.4.1/../../../../arm-none-eabi/lib/armv7-m\libg_nano.a(lib_a-memchr-stub.o)
 .debug_frame   0x00001b44       0x28 c:/program files (x86)/cypress/psoc creator/4.2/psoc creator/import/gnu/arm/5.4.1/bin/../lib/gcc/arm-none-eabi/5.4.1/../../../../arm-none-eabi/lib/armv7-m\libg_nano.a(lib_a-memmove.o)
 .debug_frame   0x00001b6c       0x38 c:/program files (x86)/cypress/psoc creator/4.2/psoc creator/import/gnu/arm/5.4.1/bin/../lib/gcc/arm-none-eabi/5.4.1/../../../../arm-none-eabi/lib/armv7-m\libg_nano.a(lib_a-nano-freer.o)
 .debug_frame   0x00001ba4       0x2c c:/program files (x86)/cypress/psoc creator/4.2/psoc creator/import/gnu/arm/5.4.1/bin/../lib/gcc/arm-none-eabi/5.4.1/../../../../arm-none-eabi/lib/armv7-m\libg_nano.a(lib_a-nano-mallocr.o)
 .debug_frame   0x00001bd0       0x3c c:/program files (x86)/cypress/psoc creator/4.2/psoc creator/import/gnu/arm/5.4.1/bin/../lib/gcc/arm-none-eabi/5.4.1/../../../../arm-none-eabi/lib/armv7-m\libg_nano.a(lib_a-nano-reallocr.o)
 .debug_frame   0x00001c0c       0x2c c:/program files (x86)/cypress/psoc creator/4.2/psoc creator/import/gnu/arm/5.4.1/bin/../lib/gcc/arm-none-eabi/5.4.1/../../../../arm-none-eabi/lib/armv7-m\libg_nano.a(lib_a-sbrkr.o)
 .debug_frame   0x00001c38       0x30 c:/program files (x86)/cypress/psoc creator/4.2/psoc creator/import/gnu/arm/5.4.1/bin/../lib/gcc/arm-none-eabi/5.4.1/../../../../arm-none-eabi/lib/armv7-m\libg_nano.a(lib_a-mlock.o)
 .debug_frame   0x00001c68       0x20 c:/program files (x86)/cypress/psoc creator/4.2/psoc creator/import/gnu/arm/5.4.1/bin/../lib/gcc/arm-none-eabi/5.4.1/../../../../arm-none-eabi/lib/armv7-m\libg_nano.a(lib_a-nano-msizer.o)
 .debug_frame   0x00001c88       0x5c c:/program files (x86)/cypress/psoc creator/4.2/psoc creator/import/gnu/arm/5.4.1/bin/../lib/gcc/arm-none-eabi/5.4.1/../../../../arm-none-eabi/lib/armv7-m\libg_nano.a(lib_a-reent.o)

.debug_str      0x00000000     0x1ff8
 *(.debug_str)
 .debug_str     0x00000000      0x3c5 .\CortexM3\ARM_GCC_541\Debug\main.o
                                0x42c (size before relaxing)
 .debug_str     0x000003c5      0x187 .\CortexM3\ARM_GCC_541\Debug\cyfitter_cfg.o
                                0x327 (size before relaxing)
 .debug_str     0x0000054c       0x75 .\CortexM3\ARM_GCC_541\Debug\cymetadata.o
                                0x1f6 (size before relaxing)
 .debug_str     0x000005c1      0x13e .\CortexM3\ARM_GCC_541\Debug\Cm3Start.o
                                0x31c (size before relaxing)
 .debug_str     0x000006ff       0x42 .\CortexM3\ARM_GCC_541\Debug\part2b.a(Control_Reg_1.o)
                                0x1d9 (size before relaxing)
 .debug_str     0x00000741      0x1f9 .\CortexM3\ARM_GCC_541\Debug\part2b.a(Counter_1.o)
                                0x3a9 (size before relaxing)
 .debug_str     0x0000093a       0xb0 .\CortexM3\ARM_GCC_541\Debug\part2b.a(Counter_1_PM.o)
                                0x2f3 (size before relaxing)
 .debug_str     0x000009ea       0x3a .\CortexM3\ARM_GCC_541\Debug\part2b.a(Control_Reset.o)
                                0x1d9 (size before relaxing)
 .debug_str     0x00000a24      0x18c .\CortexM3\ARM_GCC_541\Debug\part2b.a(LCD_Char_1.o)
                                0x3c9 (size before relaxing)
 .debug_str     0x00000bb0       0xff .\CortexM3\ARM_GCC_541\Debug\part2b.a(Timer_1.o)
                                0x33b (size before relaxing)
 .debug_str     0x00000caf       0x9e .\CortexM3\ARM_GCC_541\Debug\part2b.a(Timer_1_PM.o)
                                0x290 (size before relaxing)
 .debug_str     0x00000d4d       0x46 .\CortexM3\ARM_GCC_541\Debug\part2b.a(Control_Timer_Reset.o)
                                0x1eb (size before relaxing)
 .debug_str     0x00000d93       0xe3 .\CortexM3\ARM_GCC_541\Debug\part2b.a(isr_1.o)
                                0x2b8 (size before relaxing)
 .debug_str     0x00000e76      0x18b .\CortexM3\ARM_GCC_541\Debug\part2b.a(Counter_2.o)
                                0x3a9 (size before relaxing)
 .debug_str     0x00001001       0x7b .\CortexM3\ARM_GCC_541\Debug\part2b.a(Counter_2_PM.o)
                                0x2f3 (size before relaxing)
 .debug_str     0x0000107c       0x32 .\CortexM3\ARM_GCC_541\Debug\part2b.a(LED_Reset.o)
                                0x1cd (size before relaxing)
 .debug_str     0x000010ae       0xd8 .\CortexM3\ARM_GCC_541\Debug\part2b.a(isr_2.o)
                                0x2b8 (size before relaxing)
 .debug_str     0x00001186       0xd3 .\CortexM3\ARM_GCC_541\Debug\part2b.a(SleepTimer_1.o)
                                0x2d1 (size before relaxing)
 .debug_str     0x00001259      0x7d0 .\CortexM3\ARM_GCC_541\Debug\part2b.a(CyLib.o)
                                0xa59 (size before relaxing)
 .debug_str     0x00001a29      0x33a .\CortexM3\ARM_GCC_541\Debug\part2b.a(cyPm.o)
                                0x745 (size before relaxing)
 .debug_str     0x00001d63       0x2e .\CortexM3\ARM_GCC_541\Debug\part2b.a(cyutils.o)
                                0x1c4 (size before relaxing)
 .debug_str     0x00001d91      0x1bb .\CortexM3\ARM_GCC_541\Debug\part2b.a(CyFlash.o)
                                0x3d2 (size before relaxing)
 .debug_str     0x00001f4c       0xac .\CortexM3\ARM_GCC_541\Debug\part2b.a(CySpc.o)
                                0x34a (size before relaxing)

.debug_loc      0x00000000     0x1fdd
 *(.debug_loc)
 .debug_loc     0x00000000       0x3e .\CortexM3\ARM_GCC_541\Debug\main.o
 .debug_loc     0x0000003e      0x1d7 .\CortexM3\ARM_GCC_541\Debug\cyfitter_cfg.o
 .debug_loc     0x00000215      0x144 .\CortexM3\ARM_GCC_541\Debug\Cm3Start.o
 .debug_loc     0x00000359       0x31 .\CortexM3\ARM_GCC_541\Debug\part2b.a(Counter_1.o)
 .debug_loc     0x0000038a      0x3c6 .\CortexM3\ARM_GCC_541\Debug\part2b.a(LCD_Char_1.o)
 .debug_loc     0x00000750       0x6b .\CortexM3\ARM_GCC_541\Debug\part2b.a(Timer_1.o)
 .debug_loc     0x000007bb       0x56 .\CortexM3\ARM_GCC_541\Debug\part2b.a(isr_1.o)
 .debug_loc     0x00000811       0x31 .\CortexM3\ARM_GCC_541\Debug\part2b.a(Counter_2.o)
 .debug_loc     0x00000842       0x56 .\CortexM3\ARM_GCC_541\Debug\part2b.a(isr_2.o)
 .debug_loc     0x00000898       0x78 .\CortexM3\ARM_GCC_541\Debug\part2b.a(SleepTimer_1.o)
 .debug_loc     0x00000910      0xa11 .\CortexM3\ARM_GCC_541\Debug\part2b.a(CyLib.o)
 .debug_loc     0x00001321      0x1e4 .\CortexM3\ARM_GCC_541\Debug\part2b.a(cyPm.o)
 .debug_loc     0x00001505       0x21 .\CortexM3\ARM_GCC_541\Debug\part2b.a(cyutils.o)
 .debug_loc     0x00001526      0x3b2 .\CortexM3\ARM_GCC_541\Debug\part2b.a(CyFlash.o)
 .debug_loc     0x000018d8      0x705 .\CortexM3\ARM_GCC_541\Debug\part2b.a(CySpc.o)

.debug_macinfo
 *(.debug_macinfo)

.debug_ranges   0x00000000      0x8b8
 *(.debug_ranges)
 .debug_ranges  0x00000000       0x20 .\CortexM3\ARM_GCC_541\Debug\main.o
 .debug_ranges  0x00000020       0x48 .\CortexM3\ARM_GCC_541\Debug\cyfitter_cfg.o
 .debug_ranges  0x00000068       0x38 .\CortexM3\ARM_GCC_541\Debug\Cm3Start.o
 .debug_ranges  0x000000a0       0x18 .\CortexM3\ARM_GCC_541\Debug\part2b.a(Control_Reg_1.o)
 .debug_ranges  0x000000b8       0x88 .\CortexM3\ARM_GCC_541\Debug\part2b.a(Counter_1.o)
 .debug_ranges  0x00000140       0x28 .\CortexM3\ARM_GCC_541\Debug\part2b.a(Counter_1_PM.o)
 .debug_ranges  0x00000168       0x18 .\CortexM3\ARM_GCC_541\Debug\part2b.a(Control_Reset.o)
 .debug_ranges  0x00000180       0x88 .\CortexM3\ARM_GCC_541\Debug\part2b.a(LCD_Char_1.o)
 .debug_ranges  0x00000208       0x70 .\CortexM3\ARM_GCC_541\Debug\part2b.a(Timer_1.o)
 .debug_ranges  0x00000278       0x28 .\CortexM3\ARM_GCC_541\Debug\part2b.a(Timer_1_PM.o)
 .debug_ranges  0x000002a0       0x18 .\CortexM3\ARM_GCC_541\Debug\part2b.a(Control_Timer_Reset.o)
 .debug_ranges  0x000002b8       0x70 .\CortexM3\ARM_GCC_541\Debug\part2b.a(isr_1.o)
 .debug_ranges  0x00000328       0x88 .\CortexM3\ARM_GCC_541\Debug\part2b.a(Counter_2.o)
 .debug_ranges  0x000003b0       0x28 .\CortexM3\ARM_GCC_541\Debug\part2b.a(Counter_2_PM.o)
 .debug_ranges  0x000003d8       0x18 .\CortexM3\ARM_GCC_541\Debug\part2b.a(LED_Reset.o)
 .debug_ranges  0x000003f0       0x70 .\CortexM3\ARM_GCC_541\Debug\part2b.a(isr_2.o)
 .debug_ranges  0x00000460       0x48 .\CortexM3\ARM_GCC_541\Debug\part2b.a(SleepTimer_1.o)
 .debug_ranges  0x000004a8      0x290 .\CortexM3\ARM_GCC_541\Debug\part2b.a(CyLib.o)
 .debug_ranges  0x00000738       0x88 .\CortexM3\ARM_GCC_541\Debug\part2b.a(cyPm.o)
 .debug_ranges  0x000007c0       0x10 .\CortexM3\ARM_GCC_541\Debug\part2b.a(cyutils.o)
 .debug_ranges  0x000007d0       0x78 .\CortexM3\ARM_GCC_541\Debug\part2b.a(CyFlash.o)
 .debug_ranges  0x00000848       0x70 .\CortexM3\ARM_GCC_541\Debug\part2b.a(CySpc.o)

.comment        0x00000000       0x6e
 .comment       0x00000000       0x6e .\CortexM3\ARM_GCC_541\Debug\main.o
                                 0x6f (size before relaxing)
 .comment       0x0000006e       0x6f .\CortexM3\ARM_GCC_541\Debug\cyfitter_cfg.o
 .comment       0x0000006e       0x6f .\CortexM3\ARM_GCC_541\Debug\cymetadata.o
 .comment       0x0000006e       0x6f .\CortexM3\ARM_GCC_541\Debug\Cm3Start.o
 .comment       0x0000006e       0x6f .\CortexM3\ARM_GCC_541\Debug\part2b.a(Control_Reg_1.o)
 .comment       0x0000006e       0x6f .\CortexM3\ARM_GCC_541\Debug\part2b.a(Counter_1.o)
 .comment       0x0000006e       0x6f .\CortexM3\ARM_GCC_541\Debug\part2b.a(Counter_1_PM.o)
 .comment       0x0000006e       0x6f .\CortexM3\ARM_GCC_541\Debug\part2b.a(Control_Reset.o)
 .comment       0x0000006e       0x6f .\CortexM3\ARM_GCC_541\Debug\part2b.a(LCD_Char_1.o)
 .comment       0x0000006e       0x6f .\CortexM3\ARM_GCC_541\Debug\part2b.a(Timer_1.o)
 .comment       0x0000006e       0x6f .\CortexM3\ARM_GCC_541\Debug\part2b.a(Timer_1_PM.o)
 .comment       0x0000006e       0x6f .\CortexM3\ARM_GCC_541\Debug\part2b.a(Control_Timer_Reset.o)
 .comment       0x0000006e       0x6f .\CortexM3\ARM_GCC_541\Debug\part2b.a(isr_1.o)
 .comment       0x0000006e       0x6f .\CortexM3\ARM_GCC_541\Debug\part2b.a(Counter_2.o)
 .comment       0x0000006e       0x6f .\CortexM3\ARM_GCC_541\Debug\part2b.a(Counter_2_PM.o)
 .comment       0x0000006e       0x6f .\CortexM3\ARM_GCC_541\Debug\part2b.a(LED_Reset.o)
 .comment       0x0000006e       0x6f .\CortexM3\ARM_GCC_541\Debug\part2b.a(isr_2.o)
 .comment       0x0000006e       0x6f .\CortexM3\ARM_GCC_541\Debug\part2b.a(SleepTimer_1.o)
 .comment       0x0000006e       0x6f .\CortexM3\ARM_GCC_541\Debug\part2b.a(CyLib.o)
 .comment       0x0000006e       0x6f .\CortexM3\ARM_GCC_541\Debug\part2b.a(cyPm.o)
 .comment       0x0000006e       0x6f .\CortexM3\ARM_GCC_541\Debug\part2b.a(cyutils.o)
 .comment       0x0000006e       0x6f .\CortexM3\ARM_GCC_541\Debug\part2b.a(CyFlash.o)
 .comment       0x0000006e       0x6f .\CortexM3\ARM_GCC_541\Debug\part2b.a(CySpc.o)

.debug_weaknames
 *(.debug_weaknames)

.debug_funcnames
 *(.debug_funcnames)

.debug_typenames
 *(.debug_typenames)

.debug_varnames
 *(.debug_varnames)

.note.gnu.arm.ident
 *(.note.gnu.arm.ident)

.ARM.attributes
                0x00000000       0x29
 *(.ARM.attributes)
 .ARM.attributes
                0x00000000       0x1d c:/program files (x86)/cypress/psoc creator/4.2/psoc creator/import/gnu/arm/5.4.1/bin/../lib/gcc/arm-none-eabi/5.4.1/armv7-m/crti.o
 .ARM.attributes
                0x0000001d       0x2d c:/program files (x86)/cypress/psoc creator/4.2/psoc creator/import/gnu/arm/5.4.1/bin/../lib/gcc/arm-none-eabi/5.4.1/armv7-m/crtbegin.o
 .ARM.attributes
                0x0000004a       0x1b c:/program files (x86)/cypress/psoc creator/4.2/psoc creator/import/gnu/arm/5.4.1/bin/../lib/gcc/arm-none-eabi/5.4.1/../../../../arm-none-eabi/lib/armv7-m/crt0.o
 .ARM.attributes
                0x00000065       0x33 .\CortexM3\ARM_GCC_541\Debug\main.o
 .ARM.attributes
                0x00000098       0x33 .\CortexM3\ARM_GCC_541\Debug\cyfitter_cfg.o
 .ARM.attributes
                0x000000cb       0x33 .\CortexM3\ARM_GCC_541\Debug\cymetadata.o
 .ARM.attributes
                0x000000fe       0x33 .\CortexM3\ARM_GCC_541\Debug\Cm3Start.o
 .ARM.attributes
                0x00000131       0x33 .\CortexM3\ARM_GCC_541\Debug\part2b.a(Control_Reg_1.o)
 .ARM.attributes
                0x00000164       0x33 .\CortexM3\ARM_GCC_541\Debug\part2b.a(Counter_1.o)
 .ARM.attributes
                0x00000197       0x33 .\CortexM3\ARM_GCC_541\Debug\part2b.a(Counter_1_PM.o)
 .ARM.attributes
                0x000001ca       0x33 .\CortexM3\ARM_GCC_541\Debug\part2b.a(Control_Reset.o)
 .ARM.attributes
                0x000001fd       0x33 .\CortexM3\ARM_GCC_541\Debug\part2b.a(LCD_Char_1.o)
 .ARM.attributes
                0x00000230       0x33 .\CortexM3\ARM_GCC_541\Debug\part2b.a(Timer_1.o)
 .ARM.attributes
                0x00000263       0x33 .\CortexM3\ARM_GCC_541\Debug\part2b.a(Timer_1_PM.o)
 .ARM.attributes
                0x00000296       0x33 .\CortexM3\ARM_GCC_541\Debug\part2b.a(Control_Timer_Reset.o)
 .ARM.attributes
                0x000002c9       0x33 .\CortexM3\ARM_GCC_541\Debug\part2b.a(isr_1.o)
 .ARM.attributes
                0x000002fc       0x33 .\CortexM3\ARM_GCC_541\Debug\part2b.a(Counter_2.o)
 .ARM.attributes
                0x0000032f       0x33 .\CortexM3\ARM_GCC_541\Debug\part2b.a(Counter_2_PM.o)
 .ARM.attributes
                0x00000362       0x33 .\CortexM3\ARM_GCC_541\Debug\part2b.a(LED_Reset.o)
 .ARM.attributes
                0x00000395       0x33 .\CortexM3\ARM_GCC_541\Debug\part2b.a(isr_2.o)
 .ARM.attributes
                0x000003c8       0x33 .\CortexM3\ARM_GCC_541\Debug\part2b.a(SleepTimer_1.o)
 .ARM.attributes
                0x000003fb       0x33 .\CortexM3\ARM_GCC_541\Debug\part2b.a(CyLib.o)
 .ARM.attributes
                0x0000042e       0x33 .\CortexM3\ARM_GCC_541\Debug\part2b.a(cyPm.o)
 .ARM.attributes
                0x00000461       0x33 .\CortexM3\ARM_GCC_541\Debug\part2b.a(cyutils.o)
 .ARM.attributes
                0x00000494       0x21 .\CortexM3\ARM_GCC_541\Debug\part2b.a(CyBootAsmGnu.o)
 .ARM.attributes
                0x000004b5       0x33 .\CortexM3\ARM_GCC_541\Debug\part2b.a(CyFlash.o)
 .ARM.attributes
                0x000004e8       0x33 .\CortexM3\ARM_GCC_541\Debug\part2b.a(CySpc.o)
 .ARM.attributes
                0x0000051b       0x2d c:/program files (x86)/cypress/psoc creator/4.2/psoc creator/import/gnu/arm/5.4.1/bin/../lib/gcc/arm-none-eabi/5.4.1/../../../../arm-none-eabi/lib/armv7-m\libg_nano.a(lib_a-errno.o)
 .ARM.attributes
                0x00000548       0x2d c:/program files (x86)/cypress/psoc creator/4.2/psoc creator/import/gnu/arm/5.4.1/bin/../lib/gcc/arm-none-eabi/5.4.1/../../../../arm-none-eabi/lib/armv7-m\libg_nano.a(lib_a-exit.o)
 .ARM.attributes
                0x00000575       0x2d c:/program files (x86)/cypress/psoc creator/4.2/psoc creator/import/gnu/arm/5.4.1/bin/../lib/gcc/arm-none-eabi/5.4.1/../../../../arm-none-eabi/lib/armv7-m\libg_nano.a(lib_a-impure.o)
 .ARM.attributes
                0x000005a2       0x2d c:/program files (x86)/cypress/psoc creator/4.2/psoc creator/import/gnu/arm/5.4.1/bin/../lib/gcc/arm-none-eabi/5.4.1/../../../../arm-none-eabi/lib/armv7-m\libg_nano.a(lib_a-init.o)
 .ARM.attributes
                0x000005cf       0x2d c:/program files (x86)/cypress/psoc creator/4.2/psoc creator/import/gnu/arm/5.4.1/bin/../lib/gcc/arm-none-eabi/5.4.1/../../../../arm-none-eabi/lib/armv7-m\libg_nano.a(lib_a-memcpy-stub.o)
 .ARM.attributes
                0x000005fc       0x2d c:/program files (x86)/cypress/psoc creator/4.2/psoc creator/import/gnu/arm/5.4.1/bin/../lib/gcc/arm-none-eabi/5.4.1/../../../../arm-none-eabi/lib/armv7-m\libg_nano.a(lib_a-memset.o)
 .ARM.attributes
                0x00000629       0x2d c:/program files (x86)/cypress/psoc creator/4.2/psoc creator/import/gnu/arm/5.4.1/bin/../lib/gcc/arm-none-eabi/5.4.1/../../../../arm-none-eabi/lib/armv7-m\libg_nano.a(lib_a-sprintf.o)
 .ARM.attributes
                0x00000656       0x2d c:/program files (x86)/cypress/psoc creator/4.2/psoc creator/import/gnu/arm/5.4.1/bin/../lib/gcc/arm-none-eabi/5.4.1/../../../../arm-none-eabi/lib/armv7-m\libg_nano.a(lib_a-nano-svfprintf.o)
 .ARM.attributes
                0x00000683       0x2d c:/program files (x86)/cypress/psoc creator/4.2/psoc creator/import/gnu/arm/5.4.1/bin/../lib/gcc/arm-none-eabi/5.4.1/../../../../arm-none-eabi/lib/armv7-m\libg_nano.a(lib_a-nano-vfprintf_i.o)
 .ARM.attributes
                0x000006b0       0x2d c:/program files (x86)/cypress/psoc creator/4.2/psoc creator/import/gnu/arm/5.4.1/bin/../lib/gcc/arm-none-eabi/5.4.1/../../../../arm-none-eabi/lib/armv7-m\libg_nano.a(lib_a-memchr-stub.o)
 .ARM.attributes
                0x000006dd       0x2d c:/program files (x86)/cypress/psoc creator/4.2/psoc creator/import/gnu/arm/5.4.1/bin/../lib/gcc/arm-none-eabi/5.4.1/../../../../arm-none-eabi/lib/armv7-m\libg_nano.a(lib_a-memmove.o)
 .ARM.attributes
                0x0000070a       0x2d c:/program files (x86)/cypress/psoc creator/4.2/psoc creator/import/gnu/arm/5.4.1/bin/../lib/gcc/arm-none-eabi/5.4.1/../../../../arm-none-eabi/lib/armv7-m\libg_nano.a(lib_a-nano-freer.o)
 .ARM.attributes
                0x00000737       0x2d c:/program files (x86)/cypress/psoc creator/4.2/psoc creator/import/gnu/arm/5.4.1/bin/../lib/gcc/arm-none-eabi/5.4.1/../../../../arm-none-eabi/lib/armv7-m\libg_nano.a(lib_a-nano-mallocr.o)
 .ARM.attributes
                0x00000764       0x2d c:/program files (x86)/cypress/psoc creator/4.2/psoc creator/import/gnu/arm/5.4.1/bin/../lib/gcc/arm-none-eabi/5.4.1/../../../../arm-none-eabi/lib/armv7-m\libg_nano.a(lib_a-nano-reallocr.o)
 .ARM.attributes
                0x00000791       0x2d c:/program files (x86)/cypress/psoc creator/4.2/psoc creator/import/gnu/arm/5.4.1/bin/../lib/gcc/arm-none-eabi/5.4.1/../../../../arm-none-eabi/lib/armv7-m\libg_nano.a(lib_a-sbrkr.o)
 .ARM.attributes
                0x000007be       0x2d c:/program files (x86)/cypress/psoc creator/4.2/psoc creator/import/gnu/arm/5.4.1/bin/../lib/gcc/arm-none-eabi/5.4.1/../../../../arm-none-eabi/lib/armv7-m\libg_nano.a(lib_a-mlock.o)
 .ARM.attributes
                0x000007eb       0x2d c:/program files (x86)/cypress/psoc creator/4.2/psoc creator/import/gnu/arm/5.4.1/bin/../lib/gcc/arm-none-eabi/5.4.1/../../../../arm-none-eabi/lib/armv7-m\libg_nano.a(lib_a-nano-msizer.o)
 .ARM.attributes
                0x00000818       0x2d c:/program files (x86)/cypress/psoc creator/4.2/psoc creator/import/gnu/arm/5.4.1/bin/../lib/gcc/arm-none-eabi/5.4.1/../../../../arm-none-eabi/lib/armv7-m\libg_nano.a(lib_a-reent.o)
 .ARM.attributes
                0x00000845       0x2d c:/program files (x86)/cypress/psoc creator/4.2/psoc creator/import/gnu/arm/5.4.1/bin/../lib/gcc/arm-none-eabi/5.4.1/armv7-m/crtend.o
 .ARM.attributes
                0x00000872       0x1d c:/program files (x86)/cypress/psoc creator/4.2/psoc creator/import/gnu/arm/5.4.1/bin/../lib/gcc/arm-none-eabi/5.4.1/armv7-m/crtn.o

/DISCARD/
 *(.note.GNU-stack)
OUTPUT(C:\Users\narking\Desktop\CE121\narking\labs\lab1\design\WorkspaceLab01\part2b.cydsn\CortexM3\ARM_GCC_541\Debug\part2b.elf elf32-littlearm)
